Archive member included to satisfy reference by file (symbol)

c:/program files (x86)/atmel/studio/7.0/toolchain/avr8/avr8-gnu-toolchain/bin/../lib/gcc/avr/5.4.0/avrxmega3\libgcc.a(_udivmodqi4.o)
                              game.o (__udivmodqi4)
c:/program files (x86)/atmel/studio/7.0/toolchain/avr8/avr8-gnu-toolchain/bin/../lib/gcc/avr/5.4.0/avrxmega3\libgcc.a(_udivmodsi4.o)
                              game.o (__udivmodsi4)
c:/program files (x86)/atmel/studio/7.0/toolchain/avr8/avr8-gnu-toolchain/bin/../lib/gcc/avr/5.4.0/avrxmega3\libgcc.a(_exit.o)
                              C:/Program Files (x86)/Atmel/Studio/7.0/Packs/atmel/ATtiny_DFP/1.8.332/gcc/dev/attiny1616/avrxmega3/crtattiny1616.o (exit)
c:/program files (x86)/atmel/studio/7.0/toolchain/avr8/avr8-gnu-toolchain/bin/../lib/gcc/avr/5.4.0/avrxmega3\libgcc.a(_tablejump2.o)
                              game.o (__tablejump2__)
c:/program files (x86)/atmel/studio/7.0/toolchain/avr8/avr8-gnu-toolchain/bin/../lib/gcc/avr/5.4.0/avrxmega3\libgcc.a(_copy_data.o)
                              game.o (__do_copy_data)
c:/program files (x86)/atmel/studio/7.0/toolchain/avr8/avr8-gnu-toolchain/bin/../lib/gcc/avr/5.4.0/avrxmega3\libgcc.a(_clear_bss.o)
                              drivers/gameBadge.o (__do_clear_bss)
c:/program files (x86)/atmel/studio/7.0/toolchain/avr8/avr8-gnu-toolchain/bin/../lib/gcc/avr/5.4.0/../../../../avr/lib/avrxmega3\libc.a(memset.o)
                              game.o (memset)

Allocating common symbols
Common symbol       size              file

skyEnemies          0x1               game.o
buttonRepeatMask    0x1               game.o
tonePitch           0x2               drivers/gameBadge.o
heroShots           0x8               game.o
tileMap             0x100             game.o
nameShift           0x3               game.o
winXfine            0x8               drivers/gameBadge.o
buttonRepeatFlag    0x1               game.o
jumpScore           0x2               game.o
distance            0x1               game.o
winX                0x8               drivers/gameBadge.o
gamePad             0x1               game.o
numberSpawned       0x1               game.o
stage               0x1               game.o
numberOfWaves       0x1               game.o
buffer              0x400             drivers/gameBadge.o
yCollide            0x1               game.o
seed                0x2               drivers/gameBadge.o
lives               0x1               game.o
enemy               0xe0              game.o
lastObstacleSpawned
                    0x1               game.o
byDistance          0x1               game.o
killedPerWave       0x1               game.o
checkPoint          0x1               game.o
isDrawn             0x1               game.o
distanceGoal        0x1               game.o
xCollide            0x1               game.o
spawnPerWave        0x1               game.o

Discarded input sections

 .data          0x00000000        0x0 C:/Program Files (x86)/Atmel/Studio/7.0/Packs/atmel/ATtiny_DFP/1.8.332/gcc/dev/attiny1616/avrxmega3/crtattiny1616.o
 .bss           0x00000000        0x0 C:/Program Files (x86)/Atmel/Studio/7.0/Packs/atmel/ATtiny_DFP/1.8.332/gcc/dev/attiny1616/avrxmega3/crtattiny1616.o
 .text          0x00000000        0x0 drivers/gameBadge.o
 .data          0x00000000        0x0 drivers/gameBadge.o
 .bss           0x00000000        0x0 drivers/gameBadge.o
 .text.writedata
                0x00000000       0x22 drivers/gameBadge.o
 .text.dcHigh   0x00000000        0x8 drivers/gameBadge.o
 .text.dcLow    0x00000000        0x8 drivers/gameBadge.o
 .text          0x00000000        0x0 game.o
 .data          0x00000000        0x0 game.o
 .bss           0x00000000        0x0 game.o
 .text.eepromReadByte
                0x00000000        0xa game.o
 .text.eepromReadLong
                0x00000000       0x10 game.o
 .bss.bugXfine  0x00000000        0x1 game.o
 .text          0x00000000        0x0 main.o
 .data          0x00000000        0x0 main.o
 .bss           0x00000000        0x0 main.o
 .text          0x00000000        0x0 c:/program files (x86)/atmel/studio/7.0/toolchain/avr8/avr8-gnu-toolchain/bin/../lib/gcc/avr/5.4.0/avrxmega3\libgcc.a(_udivmodqi4.o)
 .data          0x00000000        0x0 c:/program files (x86)/atmel/studio/7.0/toolchain/avr8/avr8-gnu-toolchain/bin/../lib/gcc/avr/5.4.0/avrxmega3\libgcc.a(_udivmodqi4.o)
 .bss           0x00000000        0x0 c:/program files (x86)/atmel/studio/7.0/toolchain/avr8/avr8-gnu-toolchain/bin/../lib/gcc/avr/5.4.0/avrxmega3\libgcc.a(_udivmodqi4.o)
 .text.libgcc.mul
                0x00000000        0x0 c:/program files (x86)/atmel/studio/7.0/toolchain/avr8/avr8-gnu-toolchain/bin/../lib/gcc/avr/5.4.0/avrxmega3\libgcc.a(_udivmodqi4.o)
 .text.libgcc   0x00000000        0x0 c:/program files (x86)/atmel/studio/7.0/toolchain/avr8/avr8-gnu-toolchain/bin/../lib/gcc/avr/5.4.0/avrxmega3\libgcc.a(_udivmodqi4.o)
 .text.libgcc.prologue
                0x00000000        0x0 c:/program files (x86)/atmel/studio/7.0/toolchain/avr8/avr8-gnu-toolchain/bin/../lib/gcc/avr/5.4.0/avrxmega3\libgcc.a(_udivmodqi4.o)
 .text.libgcc.builtins
                0x00000000        0x0 c:/program files (x86)/atmel/studio/7.0/toolchain/avr8/avr8-gnu-toolchain/bin/../lib/gcc/avr/5.4.0/avrxmega3\libgcc.a(_udivmodqi4.o)
 .text.libgcc.fmul
                0x00000000        0x0 c:/program files (x86)/atmel/studio/7.0/toolchain/avr8/avr8-gnu-toolchain/bin/../lib/gcc/avr/5.4.0/avrxmega3\libgcc.a(_udivmodqi4.o)
 .text.libgcc.fixed
                0x00000000        0x0 c:/program files (x86)/atmel/studio/7.0/toolchain/avr8/avr8-gnu-toolchain/bin/../lib/gcc/avr/5.4.0/avrxmega3\libgcc.a(_udivmodqi4.o)
 .text          0x00000000        0x0 c:/program files (x86)/atmel/studio/7.0/toolchain/avr8/avr8-gnu-toolchain/bin/../lib/gcc/avr/5.4.0/avrxmega3\libgcc.a(_udivmodsi4.o)
 .data          0x00000000        0x0 c:/program files (x86)/atmel/studio/7.0/toolchain/avr8/avr8-gnu-toolchain/bin/../lib/gcc/avr/5.4.0/avrxmega3\libgcc.a(_udivmodsi4.o)
 .bss           0x00000000        0x0 c:/program files (x86)/atmel/studio/7.0/toolchain/avr8/avr8-gnu-toolchain/bin/../lib/gcc/avr/5.4.0/avrxmega3\libgcc.a(_udivmodsi4.o)
 .text.libgcc.mul
                0x00000000        0x0 c:/program files (x86)/atmel/studio/7.0/toolchain/avr8/avr8-gnu-toolchain/bin/../lib/gcc/avr/5.4.0/avrxmega3\libgcc.a(_udivmodsi4.o)
 .text.libgcc   0x00000000        0x0 c:/program files (x86)/atmel/studio/7.0/toolchain/avr8/avr8-gnu-toolchain/bin/../lib/gcc/avr/5.4.0/avrxmega3\libgcc.a(_udivmodsi4.o)
 .text.libgcc.prologue
                0x00000000        0x0 c:/program files (x86)/atmel/studio/7.0/toolchain/avr8/avr8-gnu-toolchain/bin/../lib/gcc/avr/5.4.0/avrxmega3\libgcc.a(_udivmodsi4.o)
 .text.libgcc.builtins
                0x00000000        0x0 c:/program files (x86)/atmel/studio/7.0/toolchain/avr8/avr8-gnu-toolchain/bin/../lib/gcc/avr/5.4.0/avrxmega3\libgcc.a(_udivmodsi4.o)
 .text.libgcc.fmul
                0x00000000        0x0 c:/program files (x86)/atmel/studio/7.0/toolchain/avr8/avr8-gnu-toolchain/bin/../lib/gcc/avr/5.4.0/avrxmega3\libgcc.a(_udivmodsi4.o)
 .text.libgcc.fixed
                0x00000000        0x0 c:/program files (x86)/atmel/studio/7.0/toolchain/avr8/avr8-gnu-toolchain/bin/../lib/gcc/avr/5.4.0/avrxmega3\libgcc.a(_udivmodsi4.o)
 .text          0x00000000        0x0 c:/program files (x86)/atmel/studio/7.0/toolchain/avr8/avr8-gnu-toolchain/bin/../lib/gcc/avr/5.4.0/avrxmega3\libgcc.a(_exit.o)
 .data          0x00000000        0x0 c:/program files (x86)/atmel/studio/7.0/toolchain/avr8/avr8-gnu-toolchain/bin/../lib/gcc/avr/5.4.0/avrxmega3\libgcc.a(_exit.o)
 .bss           0x00000000        0x0 c:/program files (x86)/atmel/studio/7.0/toolchain/avr8/avr8-gnu-toolchain/bin/../lib/gcc/avr/5.4.0/avrxmega3\libgcc.a(_exit.o)
 .text.libgcc.mul
                0x00000000        0x0 c:/program files (x86)/atmel/studio/7.0/toolchain/avr8/avr8-gnu-toolchain/bin/../lib/gcc/avr/5.4.0/avrxmega3\libgcc.a(_exit.o)
 .text.libgcc.div
                0x00000000        0x0 c:/program files (x86)/atmel/studio/7.0/toolchain/avr8/avr8-gnu-toolchain/bin/../lib/gcc/avr/5.4.0/avrxmega3\libgcc.a(_exit.o)
 .text.libgcc   0x00000000        0x0 c:/program files (x86)/atmel/studio/7.0/toolchain/avr8/avr8-gnu-toolchain/bin/../lib/gcc/avr/5.4.0/avrxmega3\libgcc.a(_exit.o)
 .text.libgcc.prologue
                0x00000000        0x0 c:/program files (x86)/atmel/studio/7.0/toolchain/avr8/avr8-gnu-toolchain/bin/../lib/gcc/avr/5.4.0/avrxmega3\libgcc.a(_exit.o)
 .text.libgcc.builtins
                0x00000000        0x0 c:/program files (x86)/atmel/studio/7.0/toolchain/avr8/avr8-gnu-toolchain/bin/../lib/gcc/avr/5.4.0/avrxmega3\libgcc.a(_exit.o)
 .text.libgcc.fmul
                0x00000000        0x0 c:/program files (x86)/atmel/studio/7.0/toolchain/avr8/avr8-gnu-toolchain/bin/../lib/gcc/avr/5.4.0/avrxmega3\libgcc.a(_exit.o)
 .text.libgcc.fixed
                0x00000000        0x0 c:/program files (x86)/atmel/studio/7.0/toolchain/avr8/avr8-gnu-toolchain/bin/../lib/gcc/avr/5.4.0/avrxmega3\libgcc.a(_exit.o)
 .text          0x00000000        0x0 c:/program files (x86)/atmel/studio/7.0/toolchain/avr8/avr8-gnu-toolchain/bin/../lib/gcc/avr/5.4.0/avrxmega3\libgcc.a(_tablejump2.o)
 .data          0x00000000        0x0 c:/program files (x86)/atmel/studio/7.0/toolchain/avr8/avr8-gnu-toolchain/bin/../lib/gcc/avr/5.4.0/avrxmega3\libgcc.a(_tablejump2.o)
 .bss           0x00000000        0x0 c:/program files (x86)/atmel/studio/7.0/toolchain/avr8/avr8-gnu-toolchain/bin/../lib/gcc/avr/5.4.0/avrxmega3\libgcc.a(_tablejump2.o)
 .text.libgcc.mul
                0x00000000        0x0 c:/program files (x86)/atmel/studio/7.0/toolchain/avr8/avr8-gnu-toolchain/bin/../lib/gcc/avr/5.4.0/avrxmega3\libgcc.a(_tablejump2.o)
 .text.libgcc.div
                0x00000000        0x0 c:/program files (x86)/atmel/studio/7.0/toolchain/avr8/avr8-gnu-toolchain/bin/../lib/gcc/avr/5.4.0/avrxmega3\libgcc.a(_tablejump2.o)
 .text.libgcc.prologue
                0x00000000        0x0 c:/program files (x86)/atmel/studio/7.0/toolchain/avr8/avr8-gnu-toolchain/bin/../lib/gcc/avr/5.4.0/avrxmega3\libgcc.a(_tablejump2.o)
 .text.libgcc.builtins
                0x00000000        0x0 c:/program files (x86)/atmel/studio/7.0/toolchain/avr8/avr8-gnu-toolchain/bin/../lib/gcc/avr/5.4.0/avrxmega3\libgcc.a(_tablejump2.o)
 .text.libgcc.fmul
                0x00000000        0x0 c:/program files (x86)/atmel/studio/7.0/toolchain/avr8/avr8-gnu-toolchain/bin/../lib/gcc/avr/5.4.0/avrxmega3\libgcc.a(_tablejump2.o)
 .text.libgcc.fixed
                0x00000000        0x0 c:/program files (x86)/atmel/studio/7.0/toolchain/avr8/avr8-gnu-toolchain/bin/../lib/gcc/avr/5.4.0/avrxmega3\libgcc.a(_tablejump2.o)
 .text          0x00000000        0x0 c:/program files (x86)/atmel/studio/7.0/toolchain/avr8/avr8-gnu-toolchain/bin/../lib/gcc/avr/5.4.0/avrxmega3\libgcc.a(_copy_data.o)
 .data          0x00000000        0x0 c:/program files (x86)/atmel/studio/7.0/toolchain/avr8/avr8-gnu-toolchain/bin/../lib/gcc/avr/5.4.0/avrxmega3\libgcc.a(_copy_data.o)
 .bss           0x00000000        0x0 c:/program files (x86)/atmel/studio/7.0/toolchain/avr8/avr8-gnu-toolchain/bin/../lib/gcc/avr/5.4.0/avrxmega3\libgcc.a(_copy_data.o)
 .text.libgcc.mul
                0x00000000        0x0 c:/program files (x86)/atmel/studio/7.0/toolchain/avr8/avr8-gnu-toolchain/bin/../lib/gcc/avr/5.4.0/avrxmega3\libgcc.a(_copy_data.o)
 .text.libgcc.div
                0x00000000        0x0 c:/program files (x86)/atmel/studio/7.0/toolchain/avr8/avr8-gnu-toolchain/bin/../lib/gcc/avr/5.4.0/avrxmega3\libgcc.a(_copy_data.o)
 .text.libgcc   0x00000000        0x0 c:/program files (x86)/atmel/studio/7.0/toolchain/avr8/avr8-gnu-toolchain/bin/../lib/gcc/avr/5.4.0/avrxmega3\libgcc.a(_copy_data.o)
 .text.libgcc.prologue
                0x00000000        0x0 c:/program files (x86)/atmel/studio/7.0/toolchain/avr8/avr8-gnu-toolchain/bin/../lib/gcc/avr/5.4.0/avrxmega3\libgcc.a(_copy_data.o)
 .text.libgcc.builtins
                0x00000000        0x0 c:/program files (x86)/atmel/studio/7.0/toolchain/avr8/avr8-gnu-toolchain/bin/../lib/gcc/avr/5.4.0/avrxmega3\libgcc.a(_copy_data.o)
 .text.libgcc.fmul
                0x00000000        0x0 c:/program files (x86)/atmel/studio/7.0/toolchain/avr8/avr8-gnu-toolchain/bin/../lib/gcc/avr/5.4.0/avrxmega3\libgcc.a(_copy_data.o)
 .text.libgcc.fixed
                0x00000000        0x0 c:/program files (x86)/atmel/studio/7.0/toolchain/avr8/avr8-gnu-toolchain/bin/../lib/gcc/avr/5.4.0/avrxmega3\libgcc.a(_copy_data.o)
 .text          0x00000000        0x0 c:/program files (x86)/atmel/studio/7.0/toolchain/avr8/avr8-gnu-toolchain/bin/../lib/gcc/avr/5.4.0/avrxmega3\libgcc.a(_clear_bss.o)
 .data          0x00000000        0x0 c:/program files (x86)/atmel/studio/7.0/toolchain/avr8/avr8-gnu-toolchain/bin/../lib/gcc/avr/5.4.0/avrxmega3\libgcc.a(_clear_bss.o)
 .bss           0x00000000        0x0 c:/program files (x86)/atmel/studio/7.0/toolchain/avr8/avr8-gnu-toolchain/bin/../lib/gcc/avr/5.4.0/avrxmega3\libgcc.a(_clear_bss.o)
 .text.libgcc.mul
                0x00000000        0x0 c:/program files (x86)/atmel/studio/7.0/toolchain/avr8/avr8-gnu-toolchain/bin/../lib/gcc/avr/5.4.0/avrxmega3\libgcc.a(_clear_bss.o)
 .text.libgcc.div
                0x00000000        0x0 c:/program files (x86)/atmel/studio/7.0/toolchain/avr8/avr8-gnu-toolchain/bin/../lib/gcc/avr/5.4.0/avrxmega3\libgcc.a(_clear_bss.o)
 .text.libgcc   0x00000000        0x0 c:/program files (x86)/atmel/studio/7.0/toolchain/avr8/avr8-gnu-toolchain/bin/../lib/gcc/avr/5.4.0/avrxmega3\libgcc.a(_clear_bss.o)
 .text.libgcc.prologue
                0x00000000        0x0 c:/program files (x86)/atmel/studio/7.0/toolchain/avr8/avr8-gnu-toolchain/bin/../lib/gcc/avr/5.4.0/avrxmega3\libgcc.a(_clear_bss.o)
 .text.libgcc.builtins
                0x00000000        0x0 c:/program files (x86)/atmel/studio/7.0/toolchain/avr8/avr8-gnu-toolchain/bin/../lib/gcc/avr/5.4.0/avrxmega3\libgcc.a(_clear_bss.o)
 .text.libgcc.fmul
                0x00000000        0x0 c:/program files (x86)/atmel/studio/7.0/toolchain/avr8/avr8-gnu-toolchain/bin/../lib/gcc/avr/5.4.0/avrxmega3\libgcc.a(_clear_bss.o)
 .text.libgcc.fixed
                0x00000000        0x0 c:/program files (x86)/atmel/studio/7.0/toolchain/avr8/avr8-gnu-toolchain/bin/../lib/gcc/avr/5.4.0/avrxmega3\libgcc.a(_clear_bss.o)
 .text          0x00000000        0x0 c:/program files (x86)/atmel/studio/7.0/toolchain/avr8/avr8-gnu-toolchain/bin/../lib/gcc/avr/5.4.0/../../../../avr/lib/avrxmega3\libc.a(memset.o)
 .data          0x00000000        0x0 c:/program files (x86)/atmel/studio/7.0/toolchain/avr8/avr8-gnu-toolchain/bin/../lib/gcc/avr/5.4.0/../../../../avr/lib/avrxmega3\libc.a(memset.o)
 .bss           0x00000000        0x0 c:/program files (x86)/atmel/studio/7.0/toolchain/avr8/avr8-gnu-toolchain/bin/../lib/gcc/avr/5.4.0/../../../../avr/lib/avrxmega3\libc.a(memset.o)

Memory Configuration

Name             Origin             Length             Attributes
text             0x00000000         0x00004000         xr
data             0x00803800         0x00000800         rw !x
eeprom           0x00810000         0x00000100         rw !x
fuse             0x00820000         0x0000000a         rw !x
lock             0x00830000         0x00000400         rw !x
signature        0x00840000         0x00000400         rw !x
user_signatures  0x00850000         0x00000400         rw !x
*default*        0x00000000         0xffffffff

Linker script and memory map

Address of section .data set to 0x803800
                0x00008000                __RODATA_PM_OFFSET__ = 0x8000
LOAD C:/Program Files (x86)/Atmel/Studio/7.0/Packs/atmel/ATtiny_DFP/1.8.332/gcc/dev/attiny1616/avrxmega3/crtattiny1616.o
LOAD drivers/gameBadge.o
LOAD game.o
LOAD main.o
START GROUP
LOAD c:/program files (x86)/atmel/studio/7.0/toolchain/avr8/avr8-gnu-toolchain/bin/../lib/gcc/avr/5.4.0/../../../../avr/lib/avrxmega3\libm.a
END GROUP
START GROUP
LOAD c:/program files (x86)/atmel/studio/7.0/toolchain/avr8/avr8-gnu-toolchain/bin/../lib/gcc/avr/5.4.0/avrxmega3\libgcc.a
LOAD c:/program files (x86)/atmel/studio/7.0/toolchain/avr8/avr8-gnu-toolchain/bin/../lib/gcc/avr/5.4.0/../../../../avr/lib/avrxmega3\libm.a
LOAD c:/program files (x86)/atmel/studio/7.0/toolchain/avr8/avr8-gnu-toolchain/bin/../lib/gcc/avr/5.4.0/../../../../avr/lib/avrxmega3\libc.a
LOAD C:/Program Files (x86)/Atmel/Studio/7.0/Packs/atmel/ATtiny_DFP/1.8.332/gcc/dev/attiny1616/avrxmega3\libattiny1616.a
END GROUP
                [0x00000000]                __TEXT_REGION_ORIGIN__ = DEFINED (__TEXT_REGION_ORIGIN__)?__TEXT_REGION_ORIGIN__:0x0
                [0x00803800]                __DATA_REGION_ORIGIN__ = DEFINED (__DATA_REGION_ORIGIN__)?__DATA_REGION_ORIGIN__:0x802000
                [0x00004000]                __TEXT_REGION_LENGTH__ = DEFINED (__TEXT_REGION_LENGTH__)?__TEXT_REGION_LENGTH__:0x100000
                [0x00000800]                __DATA_REGION_LENGTH__ = DEFINED (__DATA_REGION_LENGTH__)?__DATA_REGION_LENGTH__:0xffa0
                [0x00000100]                __EEPROM_REGION_LENGTH__ = DEFINED (__EEPROM_REGION_LENGTH__)?__EEPROM_REGION_LENGTH__:0x10000
                [0x0000000a]                __FUSE_REGION_LENGTH__ = DEFINED (__FUSE_REGION_LENGTH__)?__FUSE_REGION_LENGTH__:0x400
                0x00000400                __LOCK_REGION_LENGTH__ = DEFINED (__LOCK_REGION_LENGTH__)?__LOCK_REGION_LENGTH__:0x400
                0x00000400                __SIGNATURE_REGION_LENGTH__ = DEFINED (__SIGNATURE_REGION_LENGTH__)?__SIGNATURE_REGION_LENGTH__:0x400
                0x00000400                __USER_SIGNATURE_REGION_LENGTH__ = DEFINED (__USER_SIGNATURE_REGION_LENGTH__)?__USER_SIGNATURE_REGION_LENGTH__:0x400
                0x00008000                __RODATA_PM_OFFSET__ = DEFINED (__RODATA_PM_OFFSET__)?__RODATA_PM_OFFSET__:0x8000

.hash
 *(.hash)

.dynsym
 *(.dynsym)

.dynstr
 *(.dynstr)

.gnu.version
 *(.gnu.version)

.gnu.version_d
 *(.gnu.version_d)

.gnu.version_r
 *(.gnu.version_r)

.rel.init
 *(.rel.init)

.rela.init
 *(.rela.init)

.rel.text
 *(.rel.text)
 *(.rel.text.*)
 *(.rel.gnu.linkonce.t*)

.rela.text
 *(.rela.text)
 *(.rela.text.*)
 *(.rela.gnu.linkonce.t*)

.rel.fini
 *(.rel.fini)

.rela.fini
 *(.rela.fini)

.rel.rodata
 *(.rel.rodata)
 *(.rel.rodata.*)
 *(.rel.gnu.linkonce.r*)

.rela.rodata
 *(.rela.rodata)
 *(.rela.rodata.*)
 *(.rela.gnu.linkonce.r*)

.rel.data
 *(.rel.data)
 *(.rel.data.*)
 *(.rel.gnu.linkonce.d*)

.rela.data
 *(.rela.data)
 *(.rela.data.*)
 *(.rela.gnu.linkonce.d*)

.rel.ctors
 *(.rel.ctors)

.rela.ctors
 *(.rela.ctors)

.rel.dtors
 *(.rel.dtors)

.rela.dtors
 *(.rela.dtors)

.rel.got
 *(.rel.got)

.rela.got
 *(.rela.got)

.rel.bss
 *(.rel.bss)

.rela.bss
 *(.rela.bss)

.rel.plt
 *(.rel.plt)

.rela.plt
 *(.rela.plt)

.text           0x00000000     0x3756
 *(.vectors)
 .vectors       0x00000000       0x7c C:/Program Files (x86)/Atmel/Studio/7.0/Packs/atmel/ATtiny_DFP/1.8.332/gcc/dev/attiny1616/avrxmega3/crtattiny1616.o
                0x00000000                __vector_default
                0x00000000                __vectors
 *(.vectors)
 *(.progmem.gcc*)
 .progmem.gcc_sw_table.enemies
                0x0000007c        0xe game.o
                0x0000008a                . = ALIGN (0x2)
                0x0000008a                __trampolines_start = .
 *(.trampolines)
 .trampolines   0x0000008a        0x0 linker stubs
 *(.trampolines*)
                0x0000008a                __trampolines_end = .
 *libprintf_flt.a:*(.progmem.data)
 *libc.a:*(.progmem.data)
 *(.progmem*)
 .progmem.data.superUFO
                0x0000008a       0x82 game.o
                0x0000008a                superUFO
 .progmem.data.mediumExplode
                0x0000010c       0xc2 game.o
                0x0000010c                mediumExplode
 .progmem.data.vertExplode
                0x000001ce      0x182 game.o
                0x000001ce                vertExplode
 .progmem.data.evilBomb
                0x00000350       0x12 game.o
                0x00000350                evilBomb
 .progmem.data.evilWave
                0x00000362       0x12 game.o
                0x00000362                evilWave
 .progmem.data.balls
                0x00000374       0x42 game.o
                0x00000374                balls
 .progmem.data.ufo
                0x000003b6       0x22 game.o
                0x000003b6                ufo
 .progmem.data.largePit
                0x000003d8       0x32 game.o
                0x000003d8                largePit
 .progmem.data.smallPit
                0x0000040a       0x22 game.o
                0x0000040a                smallPit
 .progmem.data.largeRock
                0x0000042c       0x42 game.o
                0x0000042c                largeRock
 .progmem.data.smallRock
                0x0000046e       0x22 game.o
                0x0000046e                smallRock
 .progmem.data.dualShot
                0x00000490       0x12 game.o
                0x00000490                dualShot
 .progmem.data.blaster
                0x000004a2       0x42 game.o
                0x000004a2                blaster
 .progmem.data.buggie
                0x000004e4       0x32 game.o
                0x000004e4                buggie
 .progmem.data.wheel
                0x00000516       0x12 game.o
                0x00000516                wheel
 .progmem.data.tileData
                0x00000528      0x540 game.o
                0x00000528                tileData
                0x00000a68                . = ALIGN (0x2)
 *(.jumptables)
 *(.jumptables*)
 *(.lowtext)
 *(.lowtext*)
                0x00000a68                __ctors_start = .
 *(.ctors)
                0x00000a68                __ctors_end = .
                0x00000a68                __dtors_start = .
 *(.dtors)
                0x00000a68                __dtors_end = .
 SORT(*)(.ctors)
 SORT(*)(.dtors)
 *(.init0)
 .init0         0x00000a68        0x0 C:/Program Files (x86)/Atmel/Studio/7.0/Packs/atmel/ATtiny_DFP/1.8.332/gcc/dev/attiny1616/avrxmega3/crtattiny1616.o
                0x00000a68                __init
 *(.init0)
 *(.init1)
 *(.init1)
 *(.init2)
 .init2         0x00000a68        0xc C:/Program Files (x86)/Atmel/Studio/7.0/Packs/atmel/ATtiny_DFP/1.8.332/gcc/dev/attiny1616/avrxmega3/crtattiny1616.o
 *(.init2)
 *(.init3)
 *(.init3)
 *(.init4)
 .init4         0x00000a74       0x16 c:/program files (x86)/atmel/studio/7.0/toolchain/avr8/avr8-gnu-toolchain/bin/../lib/gcc/avr/5.4.0/avrxmega3\libgcc.a(_copy_data.o)
                0x00000a74                __do_copy_data
 .init4         0x00000a8a       0x10 c:/program files (x86)/atmel/studio/7.0/toolchain/avr8/avr8-gnu-toolchain/bin/../lib/gcc/avr/5.4.0/avrxmega3\libgcc.a(_clear_bss.o)
                0x00000a8a                __do_clear_bss
 *(.init4)
 *(.init5)
 *(.init5)
 *(.init6)
 *(.init6)
 *(.init7)
 *(.init7)
 *(.init8)
 *(.init8)
 *(.init9)
 .init9         0x00000a9a        0x8 C:/Program Files (x86)/Atmel/Studio/7.0/Packs/atmel/ATtiny_DFP/1.8.332/gcc/dev/attiny1616/avrxmega3/crtattiny1616.o
 *(.init9)
 *(.text)
 .text          0x00000aa2        0x4 C:/Program Files (x86)/Atmel/Studio/7.0/Packs/atmel/ATtiny_DFP/1.8.332/gcc/dev/attiny1616/avrxmega3/crtattiny1616.o
                0x00000aa2                __vector_22
                0x00000aa2                __vector_28
                0x00000aa2                __vector_1
                0x00000aa2                __vector_24
                0x00000aa2                __vector_12
                0x00000aa2                __bad_interrupt
                0x00000aa2                __vector_6
                0x00000aa2                __vector_23
                0x00000aa2                __vector_30
                0x00000aa2                __vector_25
                0x00000aa2                __vector_11
                0x00000aa2                __vector_17
                0x00000aa2                __vector_19
                0x00000aa2                __vector_27
                0x00000aa2                __vector_5
                0x00000aa2                __vector_4
                0x00000aa2                __vector_9
                0x00000aa2                __vector_2
                0x00000aa2                __vector_21
                0x00000aa2                __vector_15
                0x00000aa2                __vector_29
                0x00000aa2                __vector_8
                0x00000aa2                __vector_26
                0x00000aa2                __vector_14
                0x00000aa2                __vector_10
                0x00000aa2                __vector_16
                0x00000aa2                __vector_18
                0x00000aa2                __vector_20
                0x00000aa6                . = ALIGN (0x2)
 *(.text.*)
 .text.screenLoad
                0x00000aa6       0x5e drivers/gameBadge.o
                0x00000aa6                screenLoad
 .text.rowLoad  0x00000b04       0x48 drivers/gameBadge.o
                0x00000b04                rowLoad
 .text.getButtons
                0x00000b4c       0x12 drivers/gameBadge.o
                0x00000b4c                getButtons
 .text.toneLogic
                0x00000b5e       0x4c drivers/gameBadge.o
                0x00000b5e                toneLogic
 .text.tone     0x00000baa       0x30 drivers/gameBadge.o
                0x00000baa                tone
 .text.ledState
                0x00000bda       0x14 drivers/gameBadge.o
                0x00000bda                ledState
 .text.getRandom
                0x00000bee       0x20 drivers/gameBadge.o
                0x00000bee                getRandom
 .text.drawTiles
                0x00000c0e      0x1ce drivers/gameBadge.o
                0x00000c0e                drawTiles
 .text.setWindow
                0x00000ddc       0x32 drivers/gameBadge.o
                0x00000ddc                setWindow
 .text.setRowScroll
                0x00000e0e       0x1e drivers/gameBadge.o
                0x00000e0e                setRowScroll
 .text.drawSprite
                0x00000e2c      0x1f6 drivers/gameBadge.o
                0x00000e2c                drawSprite
 .text.setScrollDirection
                0x00001022        0x6 drivers/gameBadge.o
                0x00001022                setScrollDirection
 .text.sendSPI  0x00001028        0xe drivers/gameBadge.o
                0x00001028                sendSPI
 .text.writecommand
                0x00001036       0x22 drivers/gameBadge.o
                0x00001036                writecommand
 .text.setRotate
                0x00001058       0x38 drivers/gameBadge.o
                0x00001058                setRotate
 .text.displayInit
                0x00001090       0xa6 drivers/gameBadge.o
                0x00001090                displayInit
 .text.displayOnOff
                0x00001136       0x26 drivers/gameBadge.o
                0x00001136                displayOnOff
 .text.csHigh   0x0000115c        0x8 drivers/gameBadge.o
                0x0000115c                csHigh
 .text.csLow    0x00001164        0x8 drivers/gameBadge.o
                0x00001164                csLow
 .text.sendTiles
                0x0000116c       0x10 game.o
                0x0000116c                sendTiles
 .text.nextRow  0x0000117c       0x1e game.o
                0x0000117c                nextRow
 .text.setGoal  0x0000119a       0x10 game.o
                0x0000119a                setGoal
 .text.spawnBoss
                0x000011aa       0x4e game.o
                0x000011aa                spawnBoss
 .text.findNextSlot
                0x000011f8       0x34 game.o
                0x000011f8                findNextSlot
 .text.spawnObstacle
                0x0000122c       0xac game.o
                0x0000122c                spawnObstacle
 .text.spawnShot
                0x000012d8       0x76 game.o
                0x000012d8                spawnShot
 .text.spawnEnemy
                0x0000134e       0x84 game.o
                0x0000134e                spawnEnemy
 .text.spawnExplosion
                0x000013d2       0x60 game.o
                0x000013d2                spawnExplosion
 .text.shotLogic
                0x00001432       0x5e game.o
                0x00001432                shotLogic
 .text.gotoSleep
                0x00001490       0x12 game.o
                0x00001490                gotoSleep
 .text.damageBoss
                0x000014a2       0x90 game.o
                0x000014a2                damageBoss
 .text.getGround
                0x00001532       0x26 game.o
                0x00001532                getGround
 .text.drawCharacterRow
                0x00001558       0x34 game.o
                0x00001558                drawCharacterRow
 .text.findScorePosition
                0x0000158c       0x60 game.o
                0x0000158c                findScorePosition
 .text.killPlayer
                0x000015ec       0x1c game.o
                0x000015ec                killPlayer
 .text.checkHitPlayer
                0x00001608       0x34 game.o
                0x00001608                checkHitPlayer
 .text.checkObstacle
                0x0000163c       0x26 game.o
                0x0000163c                checkObstacle
 .text.enemies  0x00001662      0x804 game.o
                0x00001662                enemies
 .text.clearShots
                0x00001e66       0x12 game.o
                0x00001e66                clearShots
 .text.clearEnemies
                0x00001e78       0x22 game.o
                0x00001e78                clearEnemies
 .text.phaseStart
                0x00001e9a      0x132 game.o
                0x00001e9a                phaseStart
 .text.startNewLife
                0x00001fcc       0x52 game.o
                0x00001fcc                startNewLife
 .text.playerLogic
                0x0000201e      0x46a game.o
                0x0000201e                playerLogic
 .text.startNewStage
                0x00002488       0x1c game.o
                0x00002488                startNewStage
 .text.startNewGame
                0x000024a4       0x20 game.o
                0x000024a4                startNewGame
 .text.fillTiles
                0x000024c4       0x20 game.o
                0x000024c4                fillTiles
 .text.drawMountains2
                0x000024e4       0x4e game.o
                0x000024e4                drawMountains2
 .text.drawDecimal
                0x00002532       0xc8 game.o
                0x00002532                drawDecimal
 .text.drawText
                0x000025fa       0x10 game.o
                0x000025fa                drawText
 .text.gameAction
                0x0000260a      0x3d6 game.o
                0x0000260a                gameAction
 .text.gameStatus
                0x000029e0      0x176 game.o
                0x000029e0                gameStatus
 .text.drawTimeDigit
                0x00002b56       0x60 game.o
                0x00002b56                drawTimeDigit
 .text.cls      0x00002bb6       0x10 game.o
                0x00002bb6                cls
 .text.drawOptions
                0x00002bc6       0x40 game.o
                0x00002bc6                drawOptions
 .text.drawTime
                0x00002c06      0x162 game.o
                0x00002c06                drawTime
 .text.drawTitle
                0x00002d68       0x56 game.o
                0x00002d68                drawTitle
 .text.drawMoonscape
                0x00002dbe      0x166 game.o
                0x00002dbe                drawMoonscape
 .text.drawHighScores
                0x00002f24       0x8c game.o
                0x00002f24                drawHighScores
 .text.drawNameEntryScreen
                0x00002fb0       0x96 game.o
                0x00002fb0                drawNameEntryScreen
 .text.eepromWrite
                0x00003046       0x58 game.o
                0x00003046                eepromWrite
 .text.updateHighScores
                0x0000309e       0xa8 game.o
                0x0000309e                updateHighScores
 .text.writeDefaultHighScores
                0x00003146       0x46 game.o
                0x00003146                writeDefaultHighScores
 .text.gameSetup
                0x0000318c       0x14 game.o
                0x0000318c                gameSetup
 .text.gameFrame
                0x000031a0      0x2fa game.o
                0x000031a0                gameFrame
 .text.systemLoop
                0x0000349a       0x2a game.o
                0x0000349a                systemLoop
 .text.__vector_13
                0x000034c4       0x58 game.o
                0x000034c4                __vector_13
 .text.__vector_3
                0x0000351c       0x6a game.o
                0x0000351c                __vector_3
 .text.__vector_7
                0x00003586       0x68 game.o
                0x00003586                __vector_7
 .text.startup.main
                0x000035ee       0xee main.o
                0x000035ee                main
 .text.libgcc.div
                0x000036dc       0x18 c:/program files (x86)/atmel/studio/7.0/toolchain/avr8/avr8-gnu-toolchain/bin/../lib/gcc/avr/5.4.0/avrxmega3\libgcc.a(_udivmodqi4.o)
                0x000036dc                __udivmodqi4
 .text.libgcc.div
                0x000036f4       0x44 c:/program files (x86)/atmel/studio/7.0/toolchain/avr8/avr8-gnu-toolchain/bin/../lib/gcc/avr/5.4.0/avrxmega3\libgcc.a(_udivmodsi4.o)
                0x000036f4                __udivmodsi4
 .text.libgcc   0x00003738        0xc c:/program files (x86)/atmel/studio/7.0/toolchain/avr8/avr8-gnu-toolchain/bin/../lib/gcc/avr/5.4.0/avrxmega3\libgcc.a(_tablejump2.o)
                0x00003738                __tablejump2__
 .text.avr-libc
                0x00003744        0xe c:/program files (x86)/atmel/studio/7.0/toolchain/avr8/avr8-gnu-toolchain/bin/../lib/gcc/avr/5.4.0/../../../../avr/lib/avrxmega3\libc.a(memset.o)
                0x00003744                memset
                0x00003752                . = ALIGN (0x2)
 *(.fini9)
 .fini9         0x00003752        0x0 c:/program files (x86)/atmel/studio/7.0/toolchain/avr8/avr8-gnu-toolchain/bin/../lib/gcc/avr/5.4.0/avrxmega3\libgcc.a(_exit.o)
                0x00003752                _exit
                0x00003752                exit
 *(.fini9)
 *(.fini8)
 *(.fini8)
 *(.fini7)
 *(.fini7)
 *(.fini6)
 *(.fini6)
 *(.fini5)
 *(.fini5)
 *(.fini4)
 *(.fini4)
 *(.fini3)
 *(.fini3)
 *(.fini2)
 *(.fini2)
 *(.fini1)
 *(.fini1)
 *(.fini0)
 .fini0         0x00003752        0x4 c:/program files (x86)/atmel/studio/7.0/toolchain/avr8/avr8-gnu-toolchain/bin/../lib/gcc/avr/5.4.0/avrxmega3\libgcc.a(_exit.o)
 *(.fini0)
                0x00003756                _etext = .

.rodata         0x0000b756      0x20a load address 0x00003756
 *(.rodata)
 *(.rodata*)
 .rodata.str1.1
                0x0000b756      0x124 game.o
 .rodata.enemySpawnSide
                0x0000b87a        0x4 game.o
                0x0000b87a                enemySpawnSide
 .rodata.sineWave
                0x0000b87e       0x80 game.o
                0x0000b87e                sineWave
 .rodata.makeDigits
                0x0000b8fe       0x42 game.o
                0x0000b8fe                makeDigits
 .rodata.jumpVelocity
                0x0000b940       0x20 game.o
                0x0000b940                jumpVelocity
 *(.gnu.linkonce.r*)

.data           0x00803800       0x1e load address 0x00003960
                0x00803800                PROVIDE (__data_start, .)
 *(.data)
 *(.data*)
 .data.scoreRanking
                0x00803800        0x1 game.o
                0x00803800                scoreRanking
 .data.name     0x00803801        0x3 game.o
                0x00803801                name
 .data.obstacleTimer
                0x00803804        0x1 game.o
                0x00803804                obstacleTimer
 .data.gameState
                0x00803805        0x1 game.o
                0x00803805                gameState
 .data.blasterX
                0x00803806        0x1 game.o
                0x00803806                blasterX
 .data.bossHealth
                0x00803807        0x1 game.o
                0x00803807                bossHealth
 .data.messageFlash
                0x00803808        0x2 game.o
                0x00803808                messageFlash
 .data.stagePhase
                0x0080380a        0x1 game.o
                0x0080380a                stagePhase
 .data.speed    0x0080380b        0x1 game.o
                0x0080380b                speed
 .data.groundSlope
                0x0080380c        0x1 game.o
                0x0080380c                groundSlope
 .data.spawnPointer
                0x0080380d        0x1 game.o
                0x0080380d                spawnPointer
 .data.wheelSpin
                0x0080380e        0x1 game.o
                0x0080380e                wheelSpin
 .data.wheelXcoarseTile
                0x0080380f        0x3 game.o
                0x0080380f                wheelXcoarseTile
 .data.bugY     0x00803812        0x1 game.o
                0x00803812                bugY
 .data.bugX     0x00803813        0x1 game.o
                0x00803813                bugX
 .data.attackSpeed
                0x00803814        0x1 game.o
                0x00803814                attackSpeed
 .data.buttonDebounceMask
                0x00803815        0x7 game.o
                0x00803815                buttonDebounceMask
 .data.minutes  0x0080381c        0x1 game.o
 .data.hours    0x0080381d        0x1 game.o
 *(.gnu.linkonce.d*)
                0x0080381e                . = ALIGN (0x2)
                0x0080381e                _edata = .
                0x0080381e                PROVIDE (__data_end, .)

.bss            0x0080381e      0x642
                0x0080381e                PROVIDE (__bss_start, .)
 *(.bss)
 *(.bss*)
 .bss.rotate180
                0x0080381e        0x1 drivers/gameBadge.o
                0x0080381e                rotate180
 .bss.displaySleep
                0x0080381f        0x1 drivers/gameBadge.o
                0x0080381f                displaySleep
 .bss.toneDir   0x00803820        0x2 drivers/gameBadge.o
                0x00803820                toneDir
 .bss.tonePriority
                0x00803822        0x1 drivers/gameBadge.o
                0x00803822                tonePriority
 .bss.toneTimer
                0x00803823        0x2 drivers/gameBadge.o
                0x00803823                toneTimer
 .bss.winYfine  0x00803825        0x1 drivers/gameBadge.o
                0x00803825                winYfine
 .bss.winY      0x00803826        0x1 drivers/gameBadge.o
                0x00803826                winY
 .bss.scrollDirection
                0x00803827        0x1 drivers/gameBadge.o
                0x00803827                scrollDirection
 .bss.spinSpeed.3920
                0x00803828        0x1 game.o
 .bss.blasterY  0x00803829        0x1 game.o
                0x00803829                blasterY
 .bss.bossPhase
                0x0080382a        0x1 game.o
                0x0080382a                bossPhase
 .bss.bossBattle
                0x0080382b        0x1 game.o
                0x0080382b                bossBattle
 .bss.enemyPointer
                0x0080382c        0x1 game.o
                0x0080382c                enemyPointer
 .bss.shotPointer
                0x0080382d        0x1 game.o
                0x0080382d                shotPointer
 .bss.score     0x0080382e        0x4 game.o
                0x0080382e                score
 .bss.eventGoal
                0x00803832        0x2 game.o
                0x00803832                eventGoal
 .bss.eventTimer
                0x00803834        0x2 game.o
                0x00803834                eventTimer
 .bss.stageWin  0x00803836        0x1 game.o
                0x00803836                stageWin
 .bss.spawnFineCounter
                0x00803837        0x1 game.o
                0x00803837                spawnFineCounter
 .bss.playerFrame
                0x00803838        0x2 game.o
                0x00803838                playerFrame
 .bss.playerTimer
                0x0080383a        0x2 game.o
                0x0080383a                playerTimer
 .bss.playerState
                0x0080383c        0x1 game.o
                0x0080383c                playerState
 .bss.jump      0x0080383d        0x1 game.o
                0x0080383d                jump
 .bss.bgScroll  0x0080383e        0x1 game.o
                0x0080383e                bgScroll
 .bss.frameCounter
                0x0080383f        0x2 game.o
                0x0080383f                frameCounter
 .bss.xWindowCoarse
                0x00803841        0x2 game.o
                0x00803841                xWindowCoarse
 .bss.xWindow   0x00803843        0x2 game.o
                0x00803843                xWindow
 .bss.changeTime
                0x00803845        0x1 game.o
                0x00803845                changeTime
 .bss.sideOfMoon
                0x00803846        0x1 game.o
                0x00803846                sideOfMoon
 .bss.buttonsPressed
                0x00803847        0x1 game.o
                0x00803847                buttonsPressed
 .bss.wavePointer
                0x00803848        0x1 game.o
                0x00803848                wavePointer
 .bss.seconds   0x00803849        0x1 game.o
 .bss.secFlag   0x0080384a        0x1 game.o
 .bss.frameFlag
                0x0080384b        0x1 game.o
 .bss.sleepState
                0x0080384c        0x1 game.o
 *(COMMON)
 COMMON         0x0080384d      0x414 drivers/gameBadge.o
                0x0080384d                tonePitch
                0x0080384f                winXfine
                0x00803857                winX
                0x0080385f                buffer
                0x00803c5f                seed
 COMMON         0x00803c61      0x1ff game.o
                0x00803c61                skyEnemies
                0x00803c62                buttonRepeatMask
                0x00803c63                heroShots
                0x00803c6b                tileMap
                0x00803d6b                nameShift
                0x00803d6e                buttonRepeatFlag
                0x00803d6f                jumpScore
                0x00803d71                distance
                0x00803d72                gamePad
                0x00803d73                numberSpawned
                0x00803d74                stage
                0x00803d75                numberOfWaves
                0x00803d76                yCollide
                0x00803d77                lives
                0x00803d78                enemy
                0x00803e58                lastObstacleSpawned
                0x00803e59                byDistance
                0x00803e5a                killedPerWave
                0x00803e5b                checkPoint
                0x00803e5c                isDrawn
                0x00803e5d                distanceGoal
                0x00803e5e                xCollide
                0x00803e5f                spawnPerWave
                0x00803e60                PROVIDE (__bss_end, .)
                0x00003960                __data_load_start = LOADADDR (.data)
                0x0000397e                __data_load_end = (__data_load_start + SIZEOF (.data))

.noinit         0x00803e60        0x0
                [!provide]                PROVIDE (__noinit_start, .)
 *(.noinit*)
                [!provide]                PROVIDE (__noinit_end, .)
                0x00803e60                _end = .
                [!provide]                PROVIDE (__heap_start, .)

.eeprom         0x00810000        0x0
 *(.eeprom*)
                0x00810000                __eeprom_end = .

.fuse
 *(.fuse)
 *(.lfuse)
 *(.hfuse)
 *(.efuse)

.lock
 *(.lock*)

.signature
 *(.signature*)

.user_signatures
 *(.user_signatures*)

.stab
 *(.stab)

.stabstr
 *(.stabstr)

.stab.excl
 *(.stab.excl)

.stab.exclstr
 *(.stab.exclstr)

.stab.index
 *(.stab.index)

.stab.indexstr
 *(.stab.indexstr)

.comment        0x00000000       0x30
 *(.comment)
 .comment       0x00000000       0x30 drivers/gameBadge.o
                                 0x31 (size before relaxing)
 .comment       0x00000030       0x31 game.o
 .comment       0x00000030       0x31 main.o

.note.gnu.avr.deviceinfo
                0x00000000       0x40
 .note.gnu.avr.deviceinfo
                0x00000000       0x40 C:/Program Files (x86)/Atmel/Studio/7.0/Packs/atmel/ATtiny_DFP/1.8.332/gcc/dev/attiny1616/avrxmega3/crtattiny1616.o

.note.gnu.build-id
 *(.note.gnu.build-id)

.debug
 *(.debug)

.line
 *(.line)

.debug_srcinfo
 *(.debug_srcinfo)

.debug_sfnames
 *(.debug_sfnames)

.debug_aranges
 *(.debug_aranges)

.debug_pubnames
 *(.debug_pubnames)

.debug_info     0x00000000     0x19ed
 *(.debug_info .gnu.linkonce.wi.*)
 .debug_info    0x00000000     0x19ed C:/Program Files (x86)/Atmel/Studio/7.0/Packs/atmel/ATtiny_DFP/1.8.332/gcc/dev/attiny1616/avrxmega3/crtattiny1616.o

.debug_abbrev   0x00000000     0x1888
 *(.debug_abbrev)
 .debug_abbrev  0x00000000     0x1888 C:/Program Files (x86)/Atmel/Studio/7.0/Packs/atmel/ATtiny_DFP/1.8.332/gcc/dev/attiny1616/avrxmega3/crtattiny1616.o

.debug_line     0x00000000      0x151
 *(.debug_line .debug_line.* .debug_line_end)
 .debug_line    0x00000000      0x151 C:/Program Files (x86)/Atmel/Studio/7.0/Packs/atmel/ATtiny_DFP/1.8.332/gcc/dev/attiny1616/avrxmega3/crtattiny1616.o

.debug_frame
 *(.debug_frame)

.debug_str      0x00000000      0xacf
 *(.debug_str)
 .debug_str     0x00000000      0xacf C:/Program Files (x86)/Atmel/Studio/7.0/Packs/atmel/ATtiny_DFP/1.8.332/gcc/dev/attiny1616/avrxmega3/crtattiny1616.o

.debug_loc
 *(.debug_loc)

.debug_macinfo
 *(.debug_macinfo)

.debug_weaknames
 *(.debug_weaknames)

.debug_funcnames
 *(.debug_funcnames)

.debug_typenames
 *(.debug_typenames)

.debug_varnames
 *(.debug_varnames)

.debug_pubtypes
 *(.debug_pubtypes)

.debug_ranges
 *(.debug_ranges)

.debug_macro
 *(.debug_macro)
OUTPUT(Moon Force.elf elf32-avr)
LOAD linker stubs
