Archive member included to satisfy reference by file (symbol)

c:/program files (x86)/atmel/studio/7.0/toolchain/avr8/avr8-gnu-toolchain/bin/../lib/gcc/avr/5.4.0/avrxmega3\libgcc.a(_udivmodqi4.o)
                              game.o (__udivmodqi4)
c:/program files (x86)/atmel/studio/7.0/toolchain/avr8/avr8-gnu-toolchain/bin/../lib/gcc/avr/5.4.0/avrxmega3\libgcc.a(_udivmodsi4.o)
                              game.o (__udivmodsi4)
c:/program files (x86)/atmel/studio/7.0/toolchain/avr8/avr8-gnu-toolchain/bin/../lib/gcc/avr/5.4.0/avrxmega3\libgcc.a(_exit.o)
                              C:/Program Files (x86)/Atmel/Studio/7.0/Packs/atmel/ATtiny_DFP/1.8.332/gcc/dev/attiny1616/avrxmega3/crtattiny1616.o (exit)
c:/program files (x86)/atmel/studio/7.0/toolchain/avr8/avr8-gnu-toolchain/bin/../lib/gcc/avr/5.4.0/avrxmega3\libgcc.a(_tablejump2.o)
                              game.o (__tablejump2__)
c:/program files (x86)/atmel/studio/7.0/toolchain/avr8/avr8-gnu-toolchain/bin/../lib/gcc/avr/5.4.0/avrxmega3\libgcc.a(_copy_data.o)
                              game.o (__do_copy_data)
c:/program files (x86)/atmel/studio/7.0/toolchain/avr8/avr8-gnu-toolchain/bin/../lib/gcc/avr/5.4.0/avrxmega3\libgcc.a(_clear_bss.o)
                              drivers/gameBadge.o (__do_clear_bss)
c:/program files (x86)/atmel/studio/7.0/toolchain/avr8/avr8-gnu-toolchain/bin/../lib/gcc/avr/5.4.0/../../../../avr/lib/avrxmega3\libc.a(memset.o)
                              game.o (memset)

Allocating common symbols
Common symbol       size              file

skyEnemies          0x1               game.o
buttonRepeatMask    0x1               game.o
tonePitch           0x2               drivers/gameBadge.o
heroShots           0x8               game.o
tileMap             0x100             game.o
nameShift           0x3               game.o
winXfine            0x8               drivers/gameBadge.o
buttonRepeatFlag    0x1               game.o
jumpScore           0x2               game.o
distance            0x1               game.o
winX                0x8               drivers/gameBadge.o
gamePad             0x1               game.o
numberSpawned       0x1               game.o
stage               0x1               game.o
attackSpeed         0x1               game.o
numberOfWaves       0x1               game.o
buffer              0x400             drivers/gameBadge.o
jump                0x1               game.o
yCollide            0x1               game.o
seed                0x2               drivers/gameBadge.o
bossHealth          0x1               game.o
lives               0x1               game.o
enemy               0xe0              game.o
lastObstacleSpawned
                    0x1               game.o
speed               0x1               game.o
byDistance          0x1               game.o
killedPerWave       0x1               game.o
checkPoint          0x1               game.o
isDrawn             0x1               game.o
distanceGoal        0x1               game.o
xCollide            0x1               game.o
spawnPerWave        0x1               game.o

Discarded input sections

 .data          0x00000000        0x0 C:/Program Files (x86)/Atmel/Studio/7.0/Packs/atmel/ATtiny_DFP/1.8.332/gcc/dev/attiny1616/avrxmega3/crtattiny1616.o
 .bss           0x00000000        0x0 C:/Program Files (x86)/Atmel/Studio/7.0/Packs/atmel/ATtiny_DFP/1.8.332/gcc/dev/attiny1616/avrxmega3/crtattiny1616.o
 .text          0x00000000        0x0 drivers/gameBadge.o
 .data          0x00000000        0x0 drivers/gameBadge.o
 .bss           0x00000000        0x0 drivers/gameBadge.o
 .text.writedata
                0x00000000       0x22 drivers/gameBadge.o
 .text.dcHigh   0x00000000        0x8 drivers/gameBadge.o
 .text.dcLow    0x00000000        0x8 drivers/gameBadge.o
 .text          0x00000000        0x0 game.o
 .data          0x00000000        0x0 game.o
 .bss           0x00000000        0x0 game.o
 .text.eepromReadByte
                0x00000000        0xa game.o
 .text.eepromReadLong
                0x00000000       0x10 game.o
 .bss.bugXfine  0x00000000        0x1 game.o
 .text          0x00000000        0x0 main.o
 .data          0x00000000        0x0 main.o
 .bss           0x00000000        0x0 main.o
 .text          0x00000000        0x0 c:/program files (x86)/atmel/studio/7.0/toolchain/avr8/avr8-gnu-toolchain/bin/../lib/gcc/avr/5.4.0/avrxmega3\libgcc.a(_udivmodqi4.o)
 .data          0x00000000        0x0 c:/program files (x86)/atmel/studio/7.0/toolchain/avr8/avr8-gnu-toolchain/bin/../lib/gcc/avr/5.4.0/avrxmega3\libgcc.a(_udivmodqi4.o)
 .bss           0x00000000        0x0 c:/program files (x86)/atmel/studio/7.0/toolchain/avr8/avr8-gnu-toolchain/bin/../lib/gcc/avr/5.4.0/avrxmega3\libgcc.a(_udivmodqi4.o)
 .text.libgcc.mul
                0x00000000        0x0 c:/program files (x86)/atmel/studio/7.0/toolchain/avr8/avr8-gnu-toolchain/bin/../lib/gcc/avr/5.4.0/avrxmega3\libgcc.a(_udivmodqi4.o)
 .text.libgcc   0x00000000        0x0 c:/program files (x86)/atmel/studio/7.0/toolchain/avr8/avr8-gnu-toolchain/bin/../lib/gcc/avr/5.4.0/avrxmega3\libgcc.a(_udivmodqi4.o)
 .text.libgcc.prologue
                0x00000000        0x0 c:/program files (x86)/atmel/studio/7.0/toolchain/avr8/avr8-gnu-toolchain/bin/../lib/gcc/avr/5.4.0/avrxmega3\libgcc.a(_udivmodqi4.o)
 .text.libgcc.builtins
                0x00000000        0x0 c:/program files (x86)/atmel/studio/7.0/toolchain/avr8/avr8-gnu-toolchain/bin/../lib/gcc/avr/5.4.0/avrxmega3\libgcc.a(_udivmodqi4.o)
 .text.libgcc.fmul
                0x00000000        0x0 c:/program files (x86)/atmel/studio/7.0/toolchain/avr8/avr8-gnu-toolchain/bin/../lib/gcc/avr/5.4.0/avrxmega3\libgcc.a(_udivmodqi4.o)
 .text.libgcc.fixed
                0x00000000        0x0 c:/program files (x86)/atmel/studio/7.0/toolchain/avr8/avr8-gnu-toolchain/bin/../lib/gcc/avr/5.4.0/avrxmega3\libgcc.a(_udivmodqi4.o)
 .text          0x00000000        0x0 c:/program files (x86)/atmel/studio/7.0/toolchain/avr8/avr8-gnu-toolchain/bin/../lib/gcc/avr/5.4.0/avrxmega3\libgcc.a(_udivmodsi4.o)
 .data          0x00000000        0x0 c:/program files (x86)/atmel/studio/7.0/toolchain/avr8/avr8-gnu-toolchain/bin/../lib/gcc/avr/5.4.0/avrxmega3\libgcc.a(_udivmodsi4.o)
 .bss           0x00000000        0x0 c:/program files (x86)/atmel/studio/7.0/toolchain/avr8/avr8-gnu-toolchain/bin/../lib/gcc/avr/5.4.0/avrxmega3\libgcc.a(_udivmodsi4.o)
 .text.libgcc.mul
                0x00000000        0x0 c:/program files (x86)/atmel/studio/7.0/toolchain/avr8/avr8-gnu-toolchain/bin/../lib/gcc/avr/5.4.0/avrxmega3\libgcc.a(_udivmodsi4.o)
 .text.libgcc   0x00000000        0x0 c:/program files (x86)/atmel/studio/7.0/toolchain/avr8/avr8-gnu-toolchain/bin/../lib/gcc/avr/5.4.0/avrxmega3\libgcc.a(_udivmodsi4.o)
 .text.libgcc.prologue
                0x00000000        0x0 c:/program files (x86)/atmel/studio/7.0/toolchain/avr8/avr8-gnu-toolchain/bin/../lib/gcc/avr/5.4.0/avrxmega3\libgcc.a(_udivmodsi4.o)
 .text.libgcc.builtins
                0x00000000        0x0 c:/program files (x86)/atmel/studio/7.0/toolchain/avr8/avr8-gnu-toolchain/bin/../lib/gcc/avr/5.4.0/avrxmega3\libgcc.a(_udivmodsi4.o)
 .text.libgcc.fmul
                0x00000000        0x0 c:/program files (x86)/atmel/studio/7.0/toolchain/avr8/avr8-gnu-toolchain/bin/../lib/gcc/avr/5.4.0/avrxmega3\libgcc.a(_udivmodsi4.o)
 .text.libgcc.fixed
                0x00000000        0x0 c:/program files (x86)/atmel/studio/7.0/toolchain/avr8/avr8-gnu-toolchain/bin/../lib/gcc/avr/5.4.0/avrxmega3\libgcc.a(_udivmodsi4.o)
 .text          0x00000000        0x0 c:/program files (x86)/atmel/studio/7.0/toolchain/avr8/avr8-gnu-toolchain/bin/../lib/gcc/avr/5.4.0/avrxmega3\libgcc.a(_exit.o)
 .data          0x00000000        0x0 c:/program files (x86)/atmel/studio/7.0/toolchain/avr8/avr8-gnu-toolchain/bin/../lib/gcc/avr/5.4.0/avrxmega3\libgcc.a(_exit.o)
 .bss           0x00000000        0x0 c:/program files (x86)/atmel/studio/7.0/toolchain/avr8/avr8-gnu-toolchain/bin/../lib/gcc/avr/5.4.0/avrxmega3\libgcc.a(_exit.o)
 .text.libgcc.mul
                0x00000000        0x0 c:/program files (x86)/atmel/studio/7.0/toolchain/avr8/avr8-gnu-toolchain/bin/../lib/gcc/avr/5.4.0/avrxmega3\libgcc.a(_exit.o)
 .text.libgcc.div
                0x00000000        0x0 c:/program files (x86)/atmel/studio/7.0/toolchain/avr8/avr8-gnu-toolchain/bin/../lib/gcc/avr/5.4.0/avrxmega3\libgcc.a(_exit.o)
 .text.libgcc   0x00000000        0x0 c:/program files (x86)/atmel/studio/7.0/toolchain/avr8/avr8-gnu-toolchain/bin/../lib/gcc/avr/5.4.0/avrxmega3\libgcc.a(_exit.o)
 .text.libgcc.prologue
                0x00000000        0x0 c:/program files (x86)/atmel/studio/7.0/toolchain/avr8/avr8-gnu-toolchain/bin/../lib/gcc/avr/5.4.0/avrxmega3\libgcc.a(_exit.o)
 .text.libgcc.builtins
                0x00000000        0x0 c:/program files (x86)/atmel/studio/7.0/toolchain/avr8/avr8-gnu-toolchain/bin/../lib/gcc/avr/5.4.0/avrxmega3\libgcc.a(_exit.o)
 .text.libgcc.fmul
                0x00000000        0x0 c:/program files (x86)/atmel/studio/7.0/toolchain/avr8/avr8-gnu-toolchain/bin/../lib/gcc/avr/5.4.0/avrxmega3\libgcc.a(_exit.o)
 .text.libgcc.fixed
                0x00000000        0x0 c:/program files (x86)/atmel/studio/7.0/toolchain/avr8/avr8-gnu-toolchain/bin/../lib/gcc/avr/5.4.0/avrxmega3\libgcc.a(_exit.o)
 .text          0x00000000        0x0 c:/program files (x86)/atmel/studio/7.0/toolchain/avr8/avr8-gnu-toolchain/bin/../lib/gcc/avr/5.4.0/avrxmega3\libgcc.a(_tablejump2.o)
 .data          0x00000000        0x0 c:/program files (x86)/atmel/studio/7.0/toolchain/avr8/avr8-gnu-toolchain/bin/../lib/gcc/avr/5.4.0/avrxmega3\libgcc.a(_tablejump2.o)
 .bss           0x00000000        0x0 c:/program files (x86)/atmel/studio/7.0/toolchain/avr8/avr8-gnu-toolchain/bin/../lib/gcc/avr/5.4.0/avrxmega3\libgcc.a(_tablejump2.o)
 .text.libgcc.mul
                0x00000000        0x0 c:/program files (x86)/atmel/studio/7.0/toolchain/avr8/avr8-gnu-toolchain/bin/../lib/gcc/avr/5.4.0/avrxmega3\libgcc.a(_tablejump2.o)
 .text.libgcc.div
                0x00000000        0x0 c:/program files (x86)/atmel/studio/7.0/toolchain/avr8/avr8-gnu-toolchain/bin/../lib/gcc/avr/5.4.0/avrxmega3\libgcc.a(_tablejump2.o)
 .text.libgcc.prologue
                0x00000000        0x0 c:/program files (x86)/atmel/studio/7.0/toolchain/avr8/avr8-gnu-toolchain/bin/../lib/gcc/avr/5.4.0/avrxmega3\libgcc.a(_tablejump2.o)
 .text.libgcc.builtins
                0x00000000        0x0 c:/program files (x86)/atmel/studio/7.0/toolchain/avr8/avr8-gnu-toolchain/bin/../lib/gcc/avr/5.4.0/avrxmega3\libgcc.a(_tablejump2.o)
 .text.libgcc.fmul
                0x00000000        0x0 c:/program files (x86)/atmel/studio/7.0/toolchain/avr8/avr8-gnu-toolchain/bin/../lib/gcc/avr/5.4.0/avrxmega3\libgcc.a(_tablejump2.o)
 .text.libgcc.fixed
                0x00000000        0x0 c:/program files (x86)/atmel/studio/7.0/toolchain/avr8/avr8-gnu-toolchain/bin/../lib/gcc/avr/5.4.0/avrxmega3\libgcc.a(_tablejump2.o)
 .text          0x00000000        0x0 c:/program files (x86)/atmel/studio/7.0/toolchain/avr8/avr8-gnu-toolchain/bin/../lib/gcc/avr/5.4.0/avrxmega3\libgcc.a(_copy_data.o)
 .data          0x00000000        0x0 c:/program files (x86)/atmel/studio/7.0/toolchain/avr8/avr8-gnu-toolchain/bin/../lib/gcc/avr/5.4.0/avrxmega3\libgcc.a(_copy_data.o)
 .bss           0x00000000        0x0 c:/program files (x86)/atmel/studio/7.0/toolchain/avr8/avr8-gnu-toolchain/bin/../lib/gcc/avr/5.4.0/avrxmega3\libgcc.a(_copy_data.o)
 .text.libgcc.mul
                0x00000000        0x0 c:/program files (x86)/atmel/studio/7.0/toolchain/avr8/avr8-gnu-toolchain/bin/../lib/gcc/avr/5.4.0/avrxmega3\libgcc.a(_copy_data.o)
 .text.libgcc.div
                0x00000000        0x0 c:/program files (x86)/atmel/studio/7.0/toolchain/avr8/avr8-gnu-toolchain/bin/../lib/gcc/avr/5.4.0/avrxmega3\libgcc.a(_copy_data.o)
 .text.libgcc   0x00000000        0x0 c:/program files (x86)/atmel/studio/7.0/toolchain/avr8/avr8-gnu-toolchain/bin/../lib/gcc/avr/5.4.0/avrxmega3\libgcc.a(_copy_data.o)
 .text.libgcc.prologue
                0x00000000        0x0 c:/program files (x86)/atmel/studio/7.0/toolchain/avr8/avr8-gnu-toolchain/bin/../lib/gcc/avr/5.4.0/avrxmega3\libgcc.a(_copy_data.o)
 .text.libgcc.builtins
                0x00000000        0x0 c:/program files (x86)/atmel/studio/7.0/toolchain/avr8/avr8-gnu-toolchain/bin/../lib/gcc/avr/5.4.0/avrxmega3\libgcc.a(_copy_data.o)
 .text.libgcc.fmul
                0x00000000        0x0 c:/program files (x86)/atmel/studio/7.0/toolchain/avr8/avr8-gnu-toolchain/bin/../lib/gcc/avr/5.4.0/avrxmega3\libgcc.a(_copy_data.o)
 .text.libgcc.fixed
                0x00000000        0x0 c:/program files (x86)/atmel/studio/7.0/toolchain/avr8/avr8-gnu-toolchain/bin/../lib/gcc/avr/5.4.0/avrxmega3\libgcc.a(_copy_data.o)
 .text          0x00000000        0x0 c:/program files (x86)/atmel/studio/7.0/toolchain/avr8/avr8-gnu-toolchain/bin/../lib/gcc/avr/5.4.0/avrxmega3\libgcc.a(_clear_bss.o)
 .data          0x00000000        0x0 c:/program files (x86)/atmel/studio/7.0/toolchain/avr8/avr8-gnu-toolchain/bin/../lib/gcc/avr/5.4.0/avrxmega3\libgcc.a(_clear_bss.o)
 .bss           0x00000000        0x0 c:/program files (x86)/atmel/studio/7.0/toolchain/avr8/avr8-gnu-toolchain/bin/../lib/gcc/avr/5.4.0/avrxmega3\libgcc.a(_clear_bss.o)
 .text.libgcc.mul
                0x00000000        0x0 c:/program files (x86)/atmel/studio/7.0/toolchain/avr8/avr8-gnu-toolchain/bin/../lib/gcc/avr/5.4.0/avrxmega3\libgcc.a(_clear_bss.o)
 .text.libgcc.div
                0x00000000        0x0 c:/program files (x86)/atmel/studio/7.0/toolchain/avr8/avr8-gnu-toolchain/bin/../lib/gcc/avr/5.4.0/avrxmega3\libgcc.a(_clear_bss.o)
 .text.libgcc   0x00000000        0x0 c:/program files (x86)/atmel/studio/7.0/toolchain/avr8/avr8-gnu-toolchain/bin/../lib/gcc/avr/5.4.0/avrxmega3\libgcc.a(_clear_bss.o)
 .text.libgcc.prologue
                0x00000000        0x0 c:/program files (x86)/atmel/studio/7.0/toolchain/avr8/avr8-gnu-toolchain/bin/../lib/gcc/avr/5.4.0/avrxmega3\libgcc.a(_clear_bss.o)
 .text.libgcc.builtins
                0x00000000        0x0 c:/program files (x86)/atmel/studio/7.0/toolchain/avr8/avr8-gnu-toolchain/bin/../lib/gcc/avr/5.4.0/avrxmega3\libgcc.a(_clear_bss.o)
 .text.libgcc.fmul
                0x00000000        0x0 c:/program files (x86)/atmel/studio/7.0/toolchain/avr8/avr8-gnu-toolchain/bin/../lib/gcc/avr/5.4.0/avrxmega3\libgcc.a(_clear_bss.o)
 .text.libgcc.fixed
                0x00000000        0x0 c:/program files (x86)/atmel/studio/7.0/toolchain/avr8/avr8-gnu-toolchain/bin/../lib/gcc/avr/5.4.0/avrxmega3\libgcc.a(_clear_bss.o)
 .text          0x00000000        0x0 c:/program files (x86)/atmel/studio/7.0/toolchain/avr8/avr8-gnu-toolchain/bin/../lib/gcc/avr/5.4.0/../../../../avr/lib/avrxmega3\libc.a(memset.o)
 .data          0x00000000        0x0 c:/program files (x86)/atmel/studio/7.0/toolchain/avr8/avr8-gnu-toolchain/bin/../lib/gcc/avr/5.4.0/../../../../avr/lib/avrxmega3\libc.a(memset.o)
 .bss           0x00000000        0x0 c:/program files (x86)/atmel/studio/7.0/toolchain/avr8/avr8-gnu-toolchain/bin/../lib/gcc/avr/5.4.0/../../../../avr/lib/avrxmega3\libc.a(memset.o)

Memory Configuration

Name             Origin             Length             Attributes
text             0x00000000         0x00004000         xr
data             0x00803800         0x00000800         rw !x
eeprom           0x00810000         0x00000100         rw !x
fuse             0x00820000         0x0000000a         rw !x
lock             0x00830000         0x00000400         rw !x
signature        0x00840000         0x00000400         rw !x
user_signatures  0x00850000         0x00000400         rw !x
*default*        0x00000000         0xffffffff

Linker script and memory map

Address of section .data set to 0x803800
                0x00008000                __RODATA_PM_OFFSET__ = 0x8000
LOAD C:/Program Files (x86)/Atmel/Studio/7.0/Packs/atmel/ATtiny_DFP/1.8.332/gcc/dev/attiny1616/avrxmega3/crtattiny1616.o
LOAD drivers/gameBadge.o
LOAD game.o
LOAD main.o
START GROUP
LOAD c:/program files (x86)/atmel/studio/7.0/toolchain/avr8/avr8-gnu-toolchain/bin/../lib/gcc/avr/5.4.0/../../../../avr/lib/avrxmega3\libm.a
END GROUP
START GROUP
LOAD c:/program files (x86)/atmel/studio/7.0/toolchain/avr8/avr8-gnu-toolchain/bin/../lib/gcc/avr/5.4.0/avrxmega3\libgcc.a
LOAD c:/program files (x86)/atmel/studio/7.0/toolchain/avr8/avr8-gnu-toolchain/bin/../lib/gcc/avr/5.4.0/../../../../avr/lib/avrxmega3\libm.a
LOAD c:/program files (x86)/atmel/studio/7.0/toolchain/avr8/avr8-gnu-toolchain/bin/../lib/gcc/avr/5.4.0/../../../../avr/lib/avrxmega3\libc.a
LOAD C:/Program Files (x86)/Atmel/Studio/7.0/Packs/atmel/ATtiny_DFP/1.8.332/gcc/dev/attiny1616/avrxmega3\libattiny1616.a
END GROUP
                [0x00000000]                __TEXT_REGION_ORIGIN__ = DEFINED (__TEXT_REGION_ORIGIN__)?__TEXT_REGION_ORIGIN__:0x0
                [0x00803800]                __DATA_REGION_ORIGIN__ = DEFINED (__DATA_REGION_ORIGIN__)?__DATA_REGION_ORIGIN__:0x802000
                [0x00004000]                __TEXT_REGION_LENGTH__ = DEFINED (__TEXT_REGION_LENGTH__)?__TEXT_REGION_LENGTH__:0x100000
                [0x00000800]                __DATA_REGION_LENGTH__ = DEFINED (__DATA_REGION_LENGTH__)?__DATA_REGION_LENGTH__:0xffa0
                [0x00000100]                __EEPROM_REGION_LENGTH__ = DEFINED (__EEPROM_REGION_LENGTH__)?__EEPROM_REGION_LENGTH__:0x10000
                [0x0000000a]                __FUSE_REGION_LENGTH__ = DEFINED (__FUSE_REGION_LENGTH__)?__FUSE_REGION_LENGTH__:0x400
                0x00000400                __LOCK_REGION_LENGTH__ = DEFINED (__LOCK_REGION_LENGTH__)?__LOCK_REGION_LENGTH__:0x400
                0x00000400                __SIGNATURE_REGION_LENGTH__ = DEFINED (__SIGNATURE_REGION_LENGTH__)?__SIGNATURE_REGION_LENGTH__:0x400
                0x00000400                __USER_SIGNATURE_REGION_LENGTH__ = DEFINED (__USER_SIGNATURE_REGION_LENGTH__)?__USER_SIGNATURE_REGION_LENGTH__:0x400
                0x00008000                __RODATA_PM_OFFSET__ = DEFINED (__RODATA_PM_OFFSET__)?__RODATA_PM_OFFSET__:0x8000

.hash
 *(.hash)

.dynsym
 *(.dynsym)

.dynstr
 *(.dynstr)

.gnu.version
 *(.gnu.version)

.gnu.version_d
 *(.gnu.version_d)

.gnu.version_r
 *(.gnu.version_r)

.rel.init
 *(.rel.init)

.rela.init
 *(.rela.init)

.rel.text
 *(.rel.text)
 *(.rel.text.*)
 *(.rel.gnu.linkonce.t*)

.rela.text
 *(.rela.text)
 *(.rela.text.*)
 *(.rela.gnu.linkonce.t*)

.rel.fini
 *(.rel.fini)

.rela.fini
 *(.rela.fini)

.rel.rodata
 *(.rel.rodata)
 *(.rel.rodata.*)
 *(.rel.gnu.linkonce.r*)

.rela.rodata
 *(.rela.rodata)
 *(.rela.rodata.*)
 *(.rela.gnu.linkonce.r*)

.rel.data
 *(.rel.data)
 *(.rel.data.*)
 *(.rel.gnu.linkonce.d*)

.rela.data
 *(.rela.data)
 *(.rela.data.*)
 *(.rela.gnu.linkonce.d*)

.rel.ctors
 *(.rel.ctors)

.rela.ctors
 *(.rela.ctors)

.rel.dtors
 *(.rel.dtors)

.rela.dtors
 *(.rela.dtors)

.rel.got
 *(.rel.got)

.rela.got
 *(.rela.got)

.rel.bss
 *(.rel.bss)

.rela.bss
 *(.rela.bss)

.rel.plt
 *(.rel.plt)

.rela.plt
 *(.rela.plt)

.text           0x00000000     0x3d0e
 *(.vectors)
 .vectors       0x00000000       0x7c C:/Program Files (x86)/Atmel/Studio/7.0/Packs/atmel/ATtiny_DFP/1.8.332/gcc/dev/attiny1616/avrxmega3/crtattiny1616.o
                0x00000000                __vector_default
                0x00000000                __vectors
 *(.vectors)
 *(.progmem.gcc*)
 .progmem.gcc_sw_table.enemies
                0x0000007c       0x10 game.o
                0x0000008c                . = ALIGN (0x2)
                0x0000008c                __trampolines_start = .
 *(.trampolines)
 .trampolines   0x0000008c        0x0 linker stubs
 *(.trampolines*)
                0x0000008c                __trampolines_end = .
 *libprintf_flt.a:*(.progmem.data)
 *libc.a:*(.progmem.data)
 *(.progmem*)
 .progmem.data.superUFO
                0x0000008c       0x82 game.o
                0x0000008c                superUFO
 .progmem.data.mediumExplode
                0x0000010e       0xc2 game.o
                0x0000010e                mediumExplode
 .progmem.data.vertExplode
                0x000001d0      0x182 game.o
                0x000001d0                vertExplode
 .progmem.data.bulletMan
                0x00000352       0x22 game.o
                0x00000352                bulletMan
 .progmem.data.evilBomb
                0x00000374       0x12 game.o
                0x00000374                evilBomb
 .progmem.data.evilWave
                0x00000386       0x12 game.o
                0x00000386                evilWave
 .progmem.data.balls
                0x00000398       0x42 game.o
                0x00000398                balls
 .progmem.data.ufo
                0x000003da       0x22 game.o
                0x000003da                ufo
 .progmem.data.largePit
                0x000003fc       0x32 game.o
                0x000003fc                largePit
 .progmem.data.smallPit
                0x0000042e       0x22 game.o
                0x0000042e                smallPit
 .progmem.data.largeRock
                0x00000450       0x42 game.o
                0x00000450                largeRock
 .progmem.data.smallRock
                0x00000492       0x22 game.o
                0x00000492                smallRock
 .progmem.data.dualShot
                0x000004b4       0x12 game.o
                0x000004b4                dualShot
 .progmem.data.blaster
                0x000004c6       0x42 game.o
                0x000004c6                blaster
 .progmem.data.buggie
                0x00000508       0x32 game.o
                0x00000508                buggie
 .progmem.data.wheel
                0x0000053a       0x12 game.o
                0x0000053a                wheel
 .progmem.data.tileData
                0x0000054c      0x540 game.o
                0x0000054c                tileData
 .progmem.data.wastefulUncompressedMGClogo
                0x00000a8c      0x400 game.o
                0x00000a8c                wastefulUncompressedMGClogo
                0x00000e8c                . = ALIGN (0x2)
 *(.jumptables)
 *(.jumptables*)
 *(.lowtext)
 *(.lowtext*)
                0x00000e8c                __ctors_start = .
 *(.ctors)
                0x00000e8c                __ctors_end = .
                0x00000e8c                __dtors_start = .
 *(.dtors)
                0x00000e8c                __dtors_end = .
 SORT(*)(.ctors)
 SORT(*)(.dtors)
 *(.init0)
 .init0         0x00000e8c        0x0 C:/Program Files (x86)/Atmel/Studio/7.0/Packs/atmel/ATtiny_DFP/1.8.332/gcc/dev/attiny1616/avrxmega3/crtattiny1616.o
                0x00000e8c                __init
 *(.init0)
 *(.init1)
 *(.init1)
 *(.init2)
 .init2         0x00000e8c        0xc C:/Program Files (x86)/Atmel/Studio/7.0/Packs/atmel/ATtiny_DFP/1.8.332/gcc/dev/attiny1616/avrxmega3/crtattiny1616.o
 *(.init2)
 *(.init3)
 *(.init3)
 *(.init4)
 .init4         0x00000e98       0x16 c:/program files (x86)/atmel/studio/7.0/toolchain/avr8/avr8-gnu-toolchain/bin/../lib/gcc/avr/5.4.0/avrxmega3\libgcc.a(_copy_data.o)
                0x00000e98                __do_copy_data
 .init4         0x00000eae       0x10 c:/program files (x86)/atmel/studio/7.0/toolchain/avr8/avr8-gnu-toolchain/bin/../lib/gcc/avr/5.4.0/avrxmega3\libgcc.a(_clear_bss.o)
                0x00000eae                __do_clear_bss
 *(.init4)
 *(.init5)
 *(.init5)
 *(.init6)
 *(.init6)
 *(.init7)
 *(.init7)
 *(.init8)
 *(.init8)
 *(.init9)
 .init9         0x00000ebe        0x8 C:/Program Files (x86)/Atmel/Studio/7.0/Packs/atmel/ATtiny_DFP/1.8.332/gcc/dev/attiny1616/avrxmega3/crtattiny1616.o
 *(.init9)
 *(.text)
 .text          0x00000ec6        0x4 C:/Program Files (x86)/Atmel/Studio/7.0/Packs/atmel/ATtiny_DFP/1.8.332/gcc/dev/attiny1616/avrxmega3/crtattiny1616.o
                0x00000ec6                __vector_22
                0x00000ec6                __vector_28
                0x00000ec6                __vector_1
                0x00000ec6                __vector_24
                0x00000ec6                __vector_12
                0x00000ec6                __bad_interrupt
                0x00000ec6                __vector_6
                0x00000ec6                __vector_23
                0x00000ec6                __vector_30
                0x00000ec6                __vector_25
                0x00000ec6                __vector_11
                0x00000ec6                __vector_17
                0x00000ec6                __vector_19
                0x00000ec6                __vector_27
                0x00000ec6                __vector_5
                0x00000ec6                __vector_4
                0x00000ec6                __vector_9
                0x00000ec6                __vector_2
                0x00000ec6                __vector_21
                0x00000ec6                __vector_15
                0x00000ec6                __vector_29
                0x00000ec6                __vector_8
                0x00000ec6                __vector_26
                0x00000ec6                __vector_14
                0x00000ec6                __vector_10
                0x00000ec6                __vector_16
                0x00000ec6                __vector_18
                0x00000ec6                __vector_20
                0x00000eca                . = ALIGN (0x2)
 *(.text.*)
 .text.screenLoad
                0x00000eca       0x5e drivers/gameBadge.o
                0x00000eca                screenLoad
 .text.rowLoad  0x00000f28       0x48 drivers/gameBadge.o
                0x00000f28                rowLoad
 .text.getButtons
                0x00000f70       0x12 drivers/gameBadge.o
                0x00000f70                getButtons
 .text.toneLogic
                0x00000f82       0x4c drivers/gameBadge.o
                0x00000f82                toneLogic
 .text.tone     0x00000fce       0x30 drivers/gameBadge.o
                0x00000fce                tone
 .text.ledState
                0x00000ffe       0x14 drivers/gameBadge.o
                0x00000ffe                ledState
 .text.getRandom
                0x00001012       0x20 drivers/gameBadge.o
                0x00001012                getRandom
 .text.drawTiles
                0x00001032      0x1ce drivers/gameBadge.o
                0x00001032                drawTiles
 .text.setWindow
                0x00001200       0x32 drivers/gameBadge.o
                0x00001200                setWindow
 .text.setRowScroll
                0x00001232       0x1e drivers/gameBadge.o
                0x00001232                setRowScroll
 .text.drawSprite
                0x00001250      0x1f6 drivers/gameBadge.o
                0x00001250                drawSprite
 .text.setScrollDirection
                0x00001446        0x6 drivers/gameBadge.o
                0x00001446                setScrollDirection
 .text.direct2buffer
                0x0000144c       0x1c drivers/gameBadge.o
                0x0000144c                direct2buffer
 .text.sendSPI  0x00001468        0xe drivers/gameBadge.o
                0x00001468                sendSPI
 .text.writecommand
                0x00001476       0x22 drivers/gameBadge.o
                0x00001476                writecommand
 .text.setRotate
                0x00001498       0x38 drivers/gameBadge.o
                0x00001498                setRotate
 .text.setInvert
                0x000014d0       0x24 drivers/gameBadge.o
                0x000014d0                setInvert
 .text.displayInit
                0x000014f4       0xa8 drivers/gameBadge.o
                0x000014f4                displayInit
 .text.displayOnOff
                0x0000159c       0x26 drivers/gameBadge.o
                0x0000159c                displayOnOff
 .text.csHigh   0x000015c2        0x8 drivers/gameBadge.o
                0x000015c2                csHigh
 .text.csLow    0x000015ca        0x8 drivers/gameBadge.o
                0x000015ca                csLow
 .text.setGoal  0x000015d2       0x10 game.o
                0x000015d2                setGoal
 .text.spawnBoss
                0x000015e2       0x4e game.o
                0x000015e2                spawnBoss
 .text.findNextSlot
                0x00001630       0x34 game.o
                0x00001630                findNextSlot
 .text.spawnObstacle
                0x00001664       0xac game.o
                0x00001664                spawnObstacle
 .text.spawnShot
                0x00001710       0x76 game.o
                0x00001710                spawnShot
 .text.spawnEnemy
                0x00001786       0xb8 game.o
                0x00001786                spawnEnemy
 .text.spawnExplosion
                0x0000183e       0x60 game.o
                0x0000183e                spawnExplosion
 .text.shotLogic
                0x0000189e       0x5e game.o
                0x0000189e                shotLogic
 .text.killPlayer
                0x000018fc       0x1c game.o
                0x000018fc                killPlayer
 .text.checkHitPlayer
                0x00001918       0x34 game.o
                0x00001918                checkHitPlayer
 .text.checkObstacle
                0x0000194c       0x26 game.o
                0x0000194c                checkObstacle
 .text.clearShots
                0x00001972       0x12 game.o
                0x00001972                clearShots
 .text.clearEnemies
                0x00001984       0x22 game.o
                0x00001984                clearEnemies
 .text.startNewLife
                0x000019a6       0x56 game.o
                0x000019a6                startNewLife
 .text.playerLogic
                0x000019fc      0x48a game.o
                0x000019fc                playerLogic
 .text.startNewStage
                0x00001e86       0x1a game.o
                0x00001e86                startNewStage
 .text.startNewGame
                0x00001ea0       0x20 game.o
                0x00001ea0                startNewGame
 .text.phaseStart
                0x00001ec0      0x132 game.o
                0x00001ec0                phaseStart
 .text.drawSplashScreen
                0x00001ff2       0x1c game.o
                0x00001ff2                drawSplashScreen
 .text.drawCharacterRow
                0x0000200e       0x34 game.o
                0x0000200e                drawCharacterRow
 .text.findScorePosition
                0x00002042       0x60 game.o
                0x00002042                findScorePosition
 .text.getGround
                0x000020a2       0x26 game.o
                0x000020a2                getGround
 .text.fillTiles
                0x000020c8       0x20 game.o
                0x000020c8                fillTiles
 .text.drawMountains2
                0x000020e8       0x4e game.o
                0x000020e8                drawMountains2
 .text.drawDecimal
                0x00002136       0xc8 game.o
                0x00002136                drawDecimal
 .text.drawText
                0x000021fe       0x10 game.o
                0x000021fe                drawText
 .text.damageBoss
                0x0000220e       0xa0 game.o
                0x0000220e                damageBoss
 .text.enemies  0x000022ae      0x80a game.o
                0x000022ae                enemies
 .text.drawTimeDigit
                0x00002ab8       0x60 game.o
                0x00002ab8                drawTimeDigit
 .text.cls      0x00002b18       0x10 game.o
                0x00002b18                cls
 .text.drawTime
                0x00002b28      0x188 game.o
                0x00002b28                drawTime
 .text.drawTitle
                0x00002cb0       0x4a game.o
                0x00002cb0                drawTitle
 .text.drawMoonscape
                0x00002cfa      0x166 game.o
                0x00002cfa                drawMoonscape
 .text.drawHighScores
                0x00002e60       0x8c game.o
                0x00002e60                drawHighScores
 .text.drawNameEntryScreen
                0x00002eec       0x96 game.o
                0x00002eec                drawNameEntryScreen
 .text.sendTiles
                0x00002f82       0x10 game.o
                0x00002f82                sendTiles
 .text.gameAction
                0x00002f92      0x3c4 game.o
                0x00002f92                gameAction
 .text.nextRow  0x00003356       0x1e game.o
                0x00003356                nextRow
 .text.gotoSleep
                0x00003374       0x12 game.o
                0x00003374                gotoSleep
 .text.gameStatus
                0x00003386      0x176 game.o
                0x00003386                gameStatus
 .text.eepromWrite
                0x000034fc       0x58 game.o
                0x000034fc                eepromWrite
 .text.updateHighScores
                0x00003554       0xa8 game.o
                0x00003554                updateHighScores
 .text.writeDefaultHighScores
                0x000035fc       0x58 game.o
                0x000035fc                writeDefaultHighScores
 .text.gameSetup
                0x00003654       0x14 game.o
                0x00003654                gameSetup
 .text.drawOptions
                0x00003668       0xbe game.o
                0x00003668                drawOptions
 .text.gameFrame
                0x00003726      0x32c game.o
                0x00003726                gameFrame
 .text.systemLoop
                0x00003a52       0x2a game.o
                0x00003a52                systemLoop
 .text.__vector_13
                0x00003a7c       0x58 game.o
                0x00003a7c                __vector_13
 .text.__vector_3
                0x00003ad4       0x6a game.o
                0x00003ad4                __vector_3
 .text.__vector_7
                0x00003b3e       0x68 game.o
                0x00003b3e                __vector_7
 .text.startup.main
                0x00003ba6       0xee main.o
                0x00003ba6                main
 .text.libgcc.div
                0x00003c94       0x18 c:/program files (x86)/atmel/studio/7.0/toolchain/avr8/avr8-gnu-toolchain/bin/../lib/gcc/avr/5.4.0/avrxmega3\libgcc.a(_udivmodqi4.o)
                0x00003c94                __udivmodqi4
 .text.libgcc.div
                0x00003cac       0x44 c:/program files (x86)/atmel/studio/7.0/toolchain/avr8/avr8-gnu-toolchain/bin/../lib/gcc/avr/5.4.0/avrxmega3\libgcc.a(_udivmodsi4.o)
                0x00003cac                __udivmodsi4
 .text.libgcc   0x00003cf0        0xc c:/program files (x86)/atmel/studio/7.0/toolchain/avr8/avr8-gnu-toolchain/bin/../lib/gcc/avr/5.4.0/avrxmega3\libgcc.a(_tablejump2.o)
                0x00003cf0                __tablejump2__
 .text.avr-libc
                0x00003cfc        0xe c:/program files (x86)/atmel/studio/7.0/toolchain/avr8/avr8-gnu-toolchain/bin/../lib/gcc/avr/5.4.0/../../../../avr/lib/avrxmega3\libc.a(memset.o)
                0x00003cfc                memset
                0x00003d0a                . = ALIGN (0x2)
 *(.fini9)
 .fini9         0x00003d0a        0x0 c:/program files (x86)/atmel/studio/7.0/toolchain/avr8/avr8-gnu-toolchain/bin/../lib/gcc/avr/5.4.0/avrxmega3\libgcc.a(_exit.o)
                0x00003d0a                _exit
                0x00003d0a                exit
 *(.fini9)
 *(.fini8)
 *(.fini8)
 *(.fini7)
 *(.fini7)
 *(.fini6)
 *(.fini6)
 *(.fini5)
 *(.fini5)
 *(.fini4)
 *(.fini4)
 *(.fini3)
 *(.fini3)
 *(.fini2)
 *(.fini2)
 *(.fini1)
 *(.fini1)
 *(.fini0)
 .fini0         0x00003d0a        0x4 c:/program files (x86)/atmel/studio/7.0/toolchain/avr8/avr8-gnu-toolchain/bin/../lib/gcc/avr/5.4.0/avrxmega3\libgcc.a(_exit.o)
 *(.fini0)
                0x00003d0e                _etext = .

.rodata         0x0000bd0e      0x242 load address 0x00003d0e
 *(.rodata)
 *(.rodata*)
 .rodata.str1.1
                0x0000bd0e      0x15c game.o
 .rodata.enemySpawnSide
                0x0000be6a        0x4 game.o
                0x0000be6a                enemySpawnSide
 .rodata.sineWave
                0x0000be6e       0x80 game.o
                0x0000be6e                sineWave
 .rodata.makeDigits
                0x0000beee       0x42 game.o
                0x0000beee                makeDigits
 .rodata.jumpVelocity
                0x0000bf30       0x20 game.o
                0x0000bf30                jumpVelocity
 *(.gnu.linkonce.r*)

.data           0x00803800       0x1c load address 0x00003f50
                0x00803800                PROVIDE (__data_start, .)
 *(.data)
 *(.data*)
 .data.scoreRanking
                0x00803800        0x1 game.o
                0x00803800                scoreRanking
 .data.name     0x00803801        0x3 game.o
                0x00803801                name
 .data.obstacleTimer
                0x00803804        0x1 game.o
                0x00803804                obstacleTimer
 .data.messageFlash
                0x00803805        0x2 game.o
                0x00803805                messageFlash
 .data.splashTimer
                0x00803807        0x1 game.o
                0x00803807                splashTimer
 .data.gameState
                0x00803808        0x1 game.o
                0x00803808                gameState
 .data.blasterX
                0x00803809        0x1 game.o
                0x00803809                blasterX
 .data.stagePhase
                0x0080380a        0x1 game.o
                0x0080380a                stagePhase
 .data.groundSlope
                0x0080380b        0x1 game.o
                0x0080380b                groundSlope
 .data.spawnPointer
                0x0080380c        0x1 game.o
                0x0080380c                spawnPointer
 .data.wheelSpin
                0x0080380d        0x1 game.o
                0x0080380d                wheelSpin
 .data.wheelXcoarseTile
                0x0080380e        0x3 game.o
                0x0080380e                wheelXcoarseTile
 .data.bugY     0x00803811        0x1 game.o
                0x00803811                bugY
 .data.bugX     0x00803812        0x1 game.o
                0x00803812                bugX
 .data.buttonDebounceMask
                0x00803813        0x7 game.o
                0x00803813                buttonDebounceMask
 .data.minutes  0x0080381a        0x1 game.o
 .data.hours    0x0080381b        0x1 game.o
 *(.gnu.linkonce.d*)
                0x0080381c                . = ALIGN (0x2)
                0x0080381c                _edata = .
                0x0080381c                PROVIDE (__data_end, .)

.bss            0x0080381c      0x645
                0x0080381c                PROVIDE (__bss_start, .)
 *(.bss)
 *(.bss*)
 .bss.inverted  0x0080381c        0x1 drivers/gameBadge.o
                0x0080381c                inverted
 .bss.rotate180
                0x0080381d        0x1 drivers/gameBadge.o
                0x0080381d                rotate180
 .bss.displaySleep
                0x0080381e        0x1 drivers/gameBadge.o
                0x0080381e                displaySleep
 .bss.toneDir   0x0080381f        0x2 drivers/gameBadge.o
                0x0080381f                toneDir
 .bss.tonePriority
                0x00803821        0x1 drivers/gameBadge.o
                0x00803821                tonePriority
 .bss.toneTimer
                0x00803822        0x2 drivers/gameBadge.o
                0x00803822                toneTimer
 .bss.winYfine  0x00803824        0x1 drivers/gameBadge.o
                0x00803824                winYfine
 .bss.winY      0x00803825        0x1 drivers/gameBadge.o
                0x00803825                winY
 .bss.scrollDirection
                0x00803826        0x1 drivers/gameBadge.o
                0x00803826                scrollDirection
 .bss.spinSpeed.3852
                0x00803827        0x1 game.o
 .bss.bossPhase
                0x00803828        0x1 game.o
                0x00803828                bossPhase
 .bss.bossBattle
                0x00803829        0x1 game.o
                0x00803829                bossBattle
 .bss.enemyPointer
                0x0080382a        0x1 game.o
                0x0080382a                enemyPointer
 .bss.shotPointer
                0x0080382b        0x1 game.o
                0x0080382b                shotPointer
 .bss.blasterY  0x0080382c        0x1 game.o
                0x0080382c                blasterY
 .bss.score     0x0080382d        0x4 game.o
                0x0080382d                score
 .bss.eventGoal
                0x00803831        0x2 game.o
                0x00803831                eventGoal
 .bss.eventTimer
                0x00803833        0x2 game.o
                0x00803833                eventTimer
 .bss.stageWin  0x00803835        0x1 game.o
                0x00803835                stageWin
 .bss.playerFrame
                0x00803836        0x2 game.o
                0x00803836                playerFrame
 .bss.playerTimer
                0x00803838        0x2 game.o
                0x00803838                playerTimer
 .bss.playerState
                0x0080383a        0x1 game.o
                0x0080383a                playerState
 .bss.bgScroll  0x0080383b        0x1 game.o
                0x0080383b                bgScroll
 .bss.frameCounter
                0x0080383c        0x2 game.o
                0x0080383c                frameCounter
 .bss.xWindowCoarse
                0x0080383e        0x2 game.o
                0x0080383e                xWindowCoarse
 .bss.xWindow   0x00803840        0x2 game.o
                0x00803840                xWindow
 .bss.changeTime
                0x00803842        0x1 game.o
                0x00803842                changeTime
 .bss.sideOfMoon
                0x00803843        0x1 game.o
                0x00803843                sideOfMoon
 .bss.buttonsPressed
                0x00803844        0x1 game.o
                0x00803844                buttonsPressed
 .bss.wavePointer
                0x00803845        0x1 game.o
                0x00803845                wavePointer
 .bss.seconds   0x00803846        0x1 game.o
 .bss.secFlag   0x00803847        0x1 game.o
 .bss.frameFlag
                0x00803848        0x1 game.o
 .bss.sleepState
                0x00803849        0x1 game.o
 *(COMMON)
 COMMON         0x0080384a      0x414 drivers/gameBadge.o
                0x0080384a                tonePitch
                0x0080384c                winXfine
                0x00803854                winX
                0x0080385c                buffer
                0x00803c5c                seed
 COMMON         0x00803c5e      0x203 game.o
                0x00803c5e                skyEnemies
                0x00803c5f                buttonRepeatMask
                0x00803c60                heroShots
                0x00803c68                tileMap
                0x00803d68                nameShift
                0x00803d6b                buttonRepeatFlag
                0x00803d6c                jumpScore
                0x00803d6e                distance
                0x00803d6f                gamePad
                0x00803d70                numberSpawned
                0x00803d71                stage
                0x00803d72                attackSpeed
                0x00803d73                numberOfWaves
                0x00803d74                jump
                0x00803d75                yCollide
                0x00803d76                bossHealth
                0x00803d77                lives
                0x00803d78                enemy
                0x00803e58                lastObstacleSpawned
                0x00803e59                speed
                0x00803e5a                byDistance
                0x00803e5b                killedPerWave
                0x00803e5c                checkPoint
                0x00803e5d                isDrawn
                0x00803e5e                distanceGoal
                0x00803e5f                xCollide
                0x00803e60                spawnPerWave
                0x00803e61                PROVIDE (__bss_end, .)
                0x00003f50                __data_load_start = LOADADDR (.data)
                0x00003f6c                __data_load_end = (__data_load_start + SIZEOF (.data))

.noinit         0x00803e61        0x0
                [!provide]                PROVIDE (__noinit_start, .)
 *(.noinit*)
                [!provide]                PROVIDE (__noinit_end, .)
                0x00803e61                _end = .
                [!provide]                PROVIDE (__heap_start, .)

.eeprom         0x00810000        0x0
 *(.eeprom*)
                0x00810000                __eeprom_end = .

.fuse
 *(.fuse)
 *(.lfuse)
 *(.hfuse)
 *(.efuse)

.lock
 *(.lock*)

.signature
 *(.signature*)

.user_signatures
 *(.user_signatures*)

.stab
 *(.stab)

.stabstr
 *(.stabstr)

.stab.excl
 *(.stab.excl)

.stab.exclstr
 *(.stab.exclstr)

.stab.index
 *(.stab.index)

.stab.indexstr
 *(.stab.indexstr)

.comment        0x00000000       0x30
 *(.comment)
 .comment       0x00000000       0x30 drivers/gameBadge.o
                                 0x31 (size before relaxing)
 .comment       0x00000030       0x31 game.o
 .comment       0x00000030       0x31 main.o

.note.gnu.avr.deviceinfo
                0x00000000       0x40
 .note.gnu.avr.deviceinfo
                0x00000000       0x40 C:/Program Files (x86)/Atmel/Studio/7.0/Packs/atmel/ATtiny_DFP/1.8.332/gcc/dev/attiny1616/avrxmega3/crtattiny1616.o

.note.gnu.build-id
 *(.note.gnu.build-id)

.debug
 *(.debug)

.line
 *(.line)

.debug_srcinfo
 *(.debug_srcinfo)

.debug_sfnames
 *(.debug_sfnames)

.debug_aranges
 *(.debug_aranges)

.debug_pubnames
 *(.debug_pubnames)

.debug_info     0x00000000     0x19ed
 *(.debug_info .gnu.linkonce.wi.*)
 .debug_info    0x00000000     0x19ed C:/Program Files (x86)/Atmel/Studio/7.0/Packs/atmel/ATtiny_DFP/1.8.332/gcc/dev/attiny1616/avrxmega3/crtattiny1616.o

.debug_abbrev   0x00000000     0x1888
 *(.debug_abbrev)
 .debug_abbrev  0x00000000     0x1888 C:/Program Files (x86)/Atmel/Studio/7.0/Packs/atmel/ATtiny_DFP/1.8.332/gcc/dev/attiny1616/avrxmega3/crtattiny1616.o

.debug_line     0x00000000      0x151
 *(.debug_line .debug_line.* .debug_line_end)
 .debug_line    0x00000000      0x151 C:/Program Files (x86)/Atmel/Studio/7.0/Packs/atmel/ATtiny_DFP/1.8.332/gcc/dev/attiny1616/avrxmega3/crtattiny1616.o

.debug_frame
 *(.debug_frame)

.debug_str      0x00000000      0xacf
 *(.debug_str)
 .debug_str     0x00000000      0xacf C:/Program Files (x86)/Atmel/Studio/7.0/Packs/atmel/ATtiny_DFP/1.8.332/gcc/dev/attiny1616/avrxmega3/crtattiny1616.o

.debug_loc
 *(.debug_loc)

.debug_macinfo
 *(.debug_macinfo)

.debug_weaknames
 *(.debug_weaknames)

.debug_funcnames
 *(.debug_funcnames)

.debug_typenames
 *(.debug_typenames)

.debug_varnames
 *(.debug_varnames)

.debug_pubtypes
 *(.debug_pubtypes)

.debug_ranges
 *(.debug_ranges)

.debug_macro
 *(.debug_macro)
OUTPUT(Moon Force.elf elf32-avr)
LOAD linker stubs
