Archive member included to satisfy reference by file (symbol)

c:/program files (x86)/atmel/studio/7.0/toolchain/arm/arm-gnu-toolchain/bin/../lib/gcc/arm-none-eabi/6.3.1/thumb/v6-m\libgcc.a(_thumb1_case_uqi.o)
                              game.o (__gnu_thumb1_case_uqi)
c:/program files (x86)/atmel/studio/7.0/toolchain/arm/arm-gnu-toolchain/bin/../lib/gcc/arm-none-eabi/6.3.1/thumb/v6-m\libgcc.a(_thumb1_case_uhi.o)
                              game.o (__gnu_thumb1_case_uhi)
c:/program files (x86)/atmel/studio/7.0/toolchain/arm/arm-gnu-toolchain/bin/../lib/gcc/arm-none-eabi/6.3.1/thumb/v6-m\libgcc.a(_udivsi3.o)
                              game.o (__aeabi_uidiv)
c:/program files (x86)/atmel/studio/7.0/toolchain/arm/arm-gnu-toolchain/bin/../lib/gcc/arm-none-eabi/6.3.1/thumb/v6-m\libgcc.a(_dvmd_tls.o)
                              c:/program files (x86)/atmel/studio/7.0/toolchain/arm/arm-gnu-toolchain/bin/../lib/gcc/arm-none-eabi/6.3.1/thumb/v6-m\libgcc.a(_udivsi3.o) (__aeabi_idiv0)
c:/program files (x86)/atmel/studio/7.0/toolchain/arm/arm-gnu-toolchain/bin/../lib/gcc/arm-none-eabi/6.3.1/../../../../arm-none-eabi/lib/thumb/v6-m\libc_nano.a(lib_a-exit.o)
                              c:/program files (x86)/atmel/studio/7.0/toolchain/arm/arm-gnu-toolchain/bin/../lib/gcc/arm-none-eabi/6.3.1/../../../../arm-none-eabi/lib/thumb/v6-m/crt0.o (exit)
c:/program files (x86)/atmel/studio/7.0/toolchain/arm/arm-gnu-toolchain/bin/../lib/gcc/arm-none-eabi/6.3.1/../../../../arm-none-eabi/lib/thumb/v6-m\libc_nano.a(lib_a-impure.o)
                              c:/program files (x86)/atmel/studio/7.0/toolchain/arm/arm-gnu-toolchain/bin/../lib/gcc/arm-none-eabi/6.3.1/../../../../arm-none-eabi/lib/thumb/v6-m\libc_nano.a(lib_a-exit.o) (_global_impure_ptr)
c:/program files (x86)/atmel/studio/7.0/toolchain/arm/arm-gnu-toolchain/bin/../lib/gcc/arm-none-eabi/6.3.1/../../../../arm-none-eabi/lib/thumb/v6-m\libc_nano.a(lib_a-init.o)
                              c:/program files (x86)/atmel/studio/7.0/toolchain/arm/arm-gnu-toolchain/bin/../lib/gcc/arm-none-eabi/6.3.1/../../../../arm-none-eabi/lib/thumb/v6-m/crt0.o (__libc_init_array)
c:/program files (x86)/atmel/studio/7.0/toolchain/arm/arm-gnu-toolchain/bin/../lib/gcc/arm-none-eabi/6.3.1/../../../../arm-none-eabi/lib/thumb/v6-m\libc_nano.a(lib_a-memcpy-stub.o)
                              drivers/dma.o (memcpy)
c:/program files (x86)/atmel/studio/7.0/toolchain/arm/arm-gnu-toolchain/bin/../lib/gcc/arm-none-eabi/6.3.1/../../../../arm-none-eabi/lib/thumb/v6-m\libc_nano.a(lib_a-memset.o)
                              c:/program files (x86)/atmel/studio/7.0/toolchain/arm/arm-gnu-toolchain/bin/../lib/gcc/arm-none-eabi/6.3.1/../../../../arm-none-eabi/lib/thumb/v6-m/crt0.o (memset)

Allocating common symbols
Common symbol       size              file

descriptor          0x10              drivers/dma.o
skyEnemies          0x1               game.o
descriptor_section  0x60              drivers/dma.o
buttonRepeatMask    0x1               game.o
tonePitch           0x2               drivers/gameBadge.o
heroShots           0x10              game.o
tileMap             0x100             game.o
nameShift           0x3               game.o
winXfine            0x8               drivers/gameBadge.o
buttonRepeatFlag    0x1               game.o
jumpScore           0x2               game.o
distance            0x1               game.o
winX                0x8               drivers/gameBadge.o
gamePad             0x1               game.o
numberSpawned       0x1               game.o
stage               0x1               game.o
highScores          0x1c              game.o
attackSpeed         0x1               game.o
dmadone             0x4               drivers/dma.o
numberOfWaves       0x1               game.o
buffer              0x400             drivers/gameBadge.o
jump                0x1               game.o
yCollide            0x1               game.o
highNames           0x15              game.o
seed                0x2               drivers/gameBadge.o
wrb                 0x60              drivers/dma.o
buttons             0x1               drivers/gameBadge.o
bossHealth          0x1               game.o
buttonsPressed      0x1               game.o
lives               0x1               game.o
enemy               0x100             game.o
lastObstacleSpawned
                    0x1               game.o
speed               0x1               game.o
byDistance          0x1               game.o
killedPerWave       0x1               game.o
checkPoint          0x1               game.o
isDrawn             0x1               game.o
distanceGoal        0x1               game.o
xCollide            0x1               game.o
descriptor_chain    0x60              drivers/dma.o
spawnPerWave        0x1               game.o

Discarded input sections

 .text          0x00000000        0x0 c:/program files (x86)/atmel/studio/7.0/toolchain/arm/arm-gnu-toolchain/bin/../lib/gcc/arm-none-eabi/6.3.1/thumb/v6-m/crti.o
 .data          0x00000000        0x0 c:/program files (x86)/atmel/studio/7.0/toolchain/arm/arm-gnu-toolchain/bin/../lib/gcc/arm-none-eabi/6.3.1/thumb/v6-m/crti.o
 .bss           0x00000000        0x0 c:/program files (x86)/atmel/studio/7.0/toolchain/arm/arm-gnu-toolchain/bin/../lib/gcc/arm-none-eabi/6.3.1/thumb/v6-m/crti.o
 .data          0x00000000        0x4 c:/program files (x86)/atmel/studio/7.0/toolchain/arm/arm-gnu-toolchain/bin/../lib/gcc/arm-none-eabi/6.3.1/thumb/v6-m/crtbegin.o
 .text          0x00000000       0x78 c:/program files (x86)/atmel/studio/7.0/toolchain/arm/arm-gnu-toolchain/bin/../lib/gcc/arm-none-eabi/6.3.1/../../../../arm-none-eabi/lib/thumb/v6-m/crt0.o
 .data          0x00000000        0x0 c:/program files (x86)/atmel/studio/7.0/toolchain/arm/arm-gnu-toolchain/bin/../lib/gcc/arm-none-eabi/6.3.1/../../../../arm-none-eabi/lib/thumb/v6-m/crt0.o
 .bss           0x00000000        0x0 c:/program files (x86)/atmel/studio/7.0/toolchain/arm/arm-gnu-toolchain/bin/../lib/gcc/arm-none-eabi/6.3.1/../../../../arm-none-eabi/lib/thumb/v6-m/crt0.o
 .ARM.extab     0x00000000        0x0 c:/program files (x86)/atmel/studio/7.0/toolchain/arm/arm-gnu-toolchain/bin/../lib/gcc/arm-none-eabi/6.3.1/../../../../arm-none-eabi/lib/thumb/v6-m/crt0.o
 .ARM.exidx     0x00000000        0x8 c:/program files (x86)/atmel/studio/7.0/toolchain/arm/arm-gnu-toolchain/bin/../lib/gcc/arm-none-eabi/6.3.1/../../../../arm-none-eabi/lib/thumb/v6-m/crt0.o
 .ARM.attributes
                0x00000000       0x1b c:/program files (x86)/atmel/studio/7.0/toolchain/arm/arm-gnu-toolchain/bin/../lib/gcc/arm-none-eabi/6.3.1/../../../../arm-none-eabi/lib/thumb/v6-m/crt0.o
 .text          0x00000000        0x0 Device_Startup/startup_samd11.o
 .data          0x00000000        0x0 Device_Startup/startup_samd11.o
 .bss           0x00000000        0x0 Device_Startup/startup_samd11.o
 .text          0x00000000        0x0 Device_Startup/system_samd11.o
 .bss           0x00000000        0x0 Device_Startup/system_samd11.o
 .text.SystemCoreClockUpdate
                0x00000000       0x10 Device_Startup/system_samd11.o
 .text          0x00000000        0x0 drivers/clocks.o
 .data          0x00000000        0x0 drivers/clocks.o
 .bss           0x00000000        0x0 drivers/clocks.o
 .text          0x00000000        0x0 drivers/dma.o
 .bss           0x00000000        0x0 drivers/dma.o
 .text          0x00000000        0x0 drivers/gameBadge.o
 .data          0x00000000        0x0 drivers/gameBadge.o
 .text.dmaCheck
                0x00000000        0xc drivers/gameBadge.o
 .text.writedata
                0x00000000       0x18 drivers/gameBadge.o
 .text.dcHigh   0x00000000        0xc drivers/gameBadge.o
 .text.dcLow    0x00000000        0xc drivers/gameBadge.o
 .text          0x00000000        0x0 drivers/spi.o
 .data          0x00000000        0x0 drivers/spi.o
 .bss           0x00000000        0x0 drivers/spi.o
 .text          0x00000000        0x0 game.o
 .text.killPlayer
                0x00000000        0x2 game.o
 .text          0x00000000        0x0 main.o
 .data          0x00000000        0x0 main.o
 .bss           0x00000000        0x0 main.o
 .data          0x00000000        0x0 c:/program files (x86)/atmel/studio/7.0/toolchain/arm/arm-gnu-toolchain/bin/../lib/gcc/arm-none-eabi/6.3.1/thumb/v6-m\libgcc.a(_thumb1_case_uqi.o)
 .bss           0x00000000        0x0 c:/program files (x86)/atmel/studio/7.0/toolchain/arm/arm-gnu-toolchain/bin/../lib/gcc/arm-none-eabi/6.3.1/thumb/v6-m\libgcc.a(_thumb1_case_uqi.o)
 .data          0x00000000        0x0 c:/program files (x86)/atmel/studio/7.0/toolchain/arm/arm-gnu-toolchain/bin/../lib/gcc/arm-none-eabi/6.3.1/thumb/v6-m\libgcc.a(_thumb1_case_uhi.o)
 .bss           0x00000000        0x0 c:/program files (x86)/atmel/studio/7.0/toolchain/arm/arm-gnu-toolchain/bin/../lib/gcc/arm-none-eabi/6.3.1/thumb/v6-m\libgcc.a(_thumb1_case_uhi.o)
 .data          0x00000000        0x0 c:/program files (x86)/atmel/studio/7.0/toolchain/arm/arm-gnu-toolchain/bin/../lib/gcc/arm-none-eabi/6.3.1/thumb/v6-m\libgcc.a(_udivsi3.o)
 .bss           0x00000000        0x0 c:/program files (x86)/atmel/studio/7.0/toolchain/arm/arm-gnu-toolchain/bin/../lib/gcc/arm-none-eabi/6.3.1/thumb/v6-m\libgcc.a(_udivsi3.o)
 .data          0x00000000        0x0 c:/program files (x86)/atmel/studio/7.0/toolchain/arm/arm-gnu-toolchain/bin/../lib/gcc/arm-none-eabi/6.3.1/thumb/v6-m\libgcc.a(_dvmd_tls.o)
 .bss           0x00000000        0x0 c:/program files (x86)/atmel/studio/7.0/toolchain/arm/arm-gnu-toolchain/bin/../lib/gcc/arm-none-eabi/6.3.1/thumb/v6-m\libgcc.a(_dvmd_tls.o)
 .text          0x00000000        0x0 c:/program files (x86)/atmel/studio/7.0/toolchain/arm/arm-gnu-toolchain/bin/../lib/gcc/arm-none-eabi/6.3.1/../../../../arm-none-eabi/lib/thumb/v6-m\libc_nano.a(lib_a-exit.o)
 .data          0x00000000        0x0 c:/program files (x86)/atmel/studio/7.0/toolchain/arm/arm-gnu-toolchain/bin/../lib/gcc/arm-none-eabi/6.3.1/../../../../arm-none-eabi/lib/thumb/v6-m\libc_nano.a(lib_a-exit.o)
 .bss           0x00000000        0x0 c:/program files (x86)/atmel/studio/7.0/toolchain/arm/arm-gnu-toolchain/bin/../lib/gcc/arm-none-eabi/6.3.1/../../../../arm-none-eabi/lib/thumb/v6-m\libc_nano.a(lib_a-exit.o)
 .text.exit     0x00000000       0x2c c:/program files (x86)/atmel/studio/7.0/toolchain/arm/arm-gnu-toolchain/bin/../lib/gcc/arm-none-eabi/6.3.1/../../../../arm-none-eabi/lib/thumb/v6-m\libc_nano.a(lib_a-exit.o)
 .debug_frame   0x00000000       0x28 c:/program files (x86)/atmel/studio/7.0/toolchain/arm/arm-gnu-toolchain/bin/../lib/gcc/arm-none-eabi/6.3.1/../../../../arm-none-eabi/lib/thumb/v6-m\libc_nano.a(lib_a-exit.o)
 .ARM.attributes
                0x00000000       0x2c c:/program files (x86)/atmel/studio/7.0/toolchain/arm/arm-gnu-toolchain/bin/../lib/gcc/arm-none-eabi/6.3.1/../../../../arm-none-eabi/lib/thumb/v6-m\libc_nano.a(lib_a-exit.o)
 .text          0x00000000        0x0 c:/program files (x86)/atmel/studio/7.0/toolchain/arm/arm-gnu-toolchain/bin/../lib/gcc/arm-none-eabi/6.3.1/../../../../arm-none-eabi/lib/thumb/v6-m\libc_nano.a(lib_a-impure.o)
 .data          0x00000000        0x0 c:/program files (x86)/atmel/studio/7.0/toolchain/arm/arm-gnu-toolchain/bin/../lib/gcc/arm-none-eabi/6.3.1/../../../../arm-none-eabi/lib/thumb/v6-m\libc_nano.a(lib_a-impure.o)
 .bss           0x00000000        0x0 c:/program files (x86)/atmel/studio/7.0/toolchain/arm/arm-gnu-toolchain/bin/../lib/gcc/arm-none-eabi/6.3.1/../../../../arm-none-eabi/lib/thumb/v6-m\libc_nano.a(lib_a-impure.o)
 .data._impure_ptr
                0x00000000        0x4 c:/program files (x86)/atmel/studio/7.0/toolchain/arm/arm-gnu-toolchain/bin/../lib/gcc/arm-none-eabi/6.3.1/../../../../arm-none-eabi/lib/thumb/v6-m\libc_nano.a(lib_a-impure.o)
 .data.impure_data
                0x00000000       0x60 c:/program files (x86)/atmel/studio/7.0/toolchain/arm/arm-gnu-toolchain/bin/../lib/gcc/arm-none-eabi/6.3.1/../../../../arm-none-eabi/lib/thumb/v6-m\libc_nano.a(lib_a-impure.o)
 .rodata._global_impure_ptr
                0x00000000        0x4 c:/program files (x86)/atmel/studio/7.0/toolchain/arm/arm-gnu-toolchain/bin/../lib/gcc/arm-none-eabi/6.3.1/../../../../arm-none-eabi/lib/thumb/v6-m\libc_nano.a(lib_a-impure.o)
 .ARM.attributes
                0x00000000       0x2c c:/program files (x86)/atmel/studio/7.0/toolchain/arm/arm-gnu-toolchain/bin/../lib/gcc/arm-none-eabi/6.3.1/../../../../arm-none-eabi/lib/thumb/v6-m\libc_nano.a(lib_a-impure.o)
 .text          0x00000000        0x0 c:/program files (x86)/atmel/studio/7.0/toolchain/arm/arm-gnu-toolchain/bin/../lib/gcc/arm-none-eabi/6.3.1/../../../../arm-none-eabi/lib/thumb/v6-m\libc_nano.a(lib_a-init.o)
 .data          0x00000000        0x0 c:/program files (x86)/atmel/studio/7.0/toolchain/arm/arm-gnu-toolchain/bin/../lib/gcc/arm-none-eabi/6.3.1/../../../../arm-none-eabi/lib/thumb/v6-m\libc_nano.a(lib_a-init.o)
 .bss           0x00000000        0x0 c:/program files (x86)/atmel/studio/7.0/toolchain/arm/arm-gnu-toolchain/bin/../lib/gcc/arm-none-eabi/6.3.1/../../../../arm-none-eabi/lib/thumb/v6-m\libc_nano.a(lib_a-init.o)
 .text          0x00000000        0x0 c:/program files (x86)/atmel/studio/7.0/toolchain/arm/arm-gnu-toolchain/bin/../lib/gcc/arm-none-eabi/6.3.1/../../../../arm-none-eabi/lib/thumb/v6-m\libc_nano.a(lib_a-memcpy-stub.o)
 .data          0x00000000        0x0 c:/program files (x86)/atmel/studio/7.0/toolchain/arm/arm-gnu-toolchain/bin/../lib/gcc/arm-none-eabi/6.3.1/../../../../arm-none-eabi/lib/thumb/v6-m\libc_nano.a(lib_a-memcpy-stub.o)
 .bss           0x00000000        0x0 c:/program files (x86)/atmel/studio/7.0/toolchain/arm/arm-gnu-toolchain/bin/../lib/gcc/arm-none-eabi/6.3.1/../../../../arm-none-eabi/lib/thumb/v6-m\libc_nano.a(lib_a-memcpy-stub.o)
 .text          0x00000000        0x0 c:/program files (x86)/atmel/studio/7.0/toolchain/arm/arm-gnu-toolchain/bin/../lib/gcc/arm-none-eabi/6.3.1/../../../../arm-none-eabi/lib/thumb/v6-m\libc_nano.a(lib_a-memset.o)
 .data          0x00000000        0x0 c:/program files (x86)/atmel/studio/7.0/toolchain/arm/arm-gnu-toolchain/bin/../lib/gcc/arm-none-eabi/6.3.1/../../../../arm-none-eabi/lib/thumb/v6-m\libc_nano.a(lib_a-memset.o)
 .bss           0x00000000        0x0 c:/program files (x86)/atmel/studio/7.0/toolchain/arm/arm-gnu-toolchain/bin/../lib/gcc/arm-none-eabi/6.3.1/../../../../arm-none-eabi/lib/thumb/v6-m\libc_nano.a(lib_a-memset.o)
 .text          0x00000000        0x0 c:/program files (x86)/atmel/studio/7.0/toolchain/arm/arm-gnu-toolchain/bin/../lib/gcc/arm-none-eabi/6.3.1/thumb/v6-m/crtend.o
 .data          0x00000000        0x0 c:/program files (x86)/atmel/studio/7.0/toolchain/arm/arm-gnu-toolchain/bin/../lib/gcc/arm-none-eabi/6.3.1/thumb/v6-m/crtend.o
 .bss           0x00000000        0x0 c:/program files (x86)/atmel/studio/7.0/toolchain/arm/arm-gnu-toolchain/bin/../lib/gcc/arm-none-eabi/6.3.1/thumb/v6-m/crtend.o
 .eh_frame      0x00000000        0x4 c:/program files (x86)/atmel/studio/7.0/toolchain/arm/arm-gnu-toolchain/bin/../lib/gcc/arm-none-eabi/6.3.1/thumb/v6-m/crtend.o
 .jcr           0x00000000        0x4 c:/program files (x86)/atmel/studio/7.0/toolchain/arm/arm-gnu-toolchain/bin/../lib/gcc/arm-none-eabi/6.3.1/thumb/v6-m/crtend.o
 .ARM.attributes
                0x00000000       0x2c c:/program files (x86)/atmel/studio/7.0/toolchain/arm/arm-gnu-toolchain/bin/../lib/gcc/arm-none-eabi/6.3.1/thumb/v6-m/crtend.o
 .text          0x00000000        0x0 c:/program files (x86)/atmel/studio/7.0/toolchain/arm/arm-gnu-toolchain/bin/../lib/gcc/arm-none-eabi/6.3.1/thumb/v6-m/crtn.o
 .data          0x00000000        0x0 c:/program files (x86)/atmel/studio/7.0/toolchain/arm/arm-gnu-toolchain/bin/../lib/gcc/arm-none-eabi/6.3.1/thumb/v6-m/crtn.o
 .bss           0x00000000        0x0 c:/program files (x86)/atmel/studio/7.0/toolchain/arm/arm-gnu-toolchain/bin/../lib/gcc/arm-none-eabi/6.3.1/thumb/v6-m/crtn.o

Memory Configuration

Name             Origin             Length             Attributes
rom              0x00000000         0x00004000         xr
ram              0x20000000         0x00001000         xrw
*default*        0x00000000         0xffffffff

Linker script and memory map

LOAD c:/program files (x86)/atmel/studio/7.0/toolchain/arm/arm-gnu-toolchain/bin/../lib/gcc/arm-none-eabi/6.3.1/thumb/v6-m/crti.o
LOAD c:/program files (x86)/atmel/studio/7.0/toolchain/arm/arm-gnu-toolchain/bin/../lib/gcc/arm-none-eabi/6.3.1/thumb/v6-m/crtbegin.o
LOAD c:/program files (x86)/atmel/studio/7.0/toolchain/arm/arm-gnu-toolchain/bin/../lib/gcc/arm-none-eabi/6.3.1/../../../../arm-none-eabi/lib/thumb/v6-m/crt0.o
LOAD Device_Startup/startup_samd11.o
LOAD Device_Startup/system_samd11.o
LOAD drivers/clocks.o
LOAD drivers/dma.o
LOAD drivers/gameBadge.o
LOAD drivers/spi.o
LOAD game.o
LOAD main.o
START GROUP
LOAD c:/program files (x86)/atmel/studio/7.0/toolchain/arm/arm-gnu-toolchain/bin/../lib/gcc/arm-none-eabi/6.3.1/../../../../arm-none-eabi/lib/thumb/v6-m\libm.a
END GROUP
START GROUP
LOAD c:/program files (x86)/atmel/studio/7.0/toolchain/arm/arm-gnu-toolchain/bin/../lib/gcc/arm-none-eabi/6.3.1/thumb/v6-m\libgcc.a
LOAD c:/program files (x86)/atmel/studio/7.0/toolchain/arm/arm-gnu-toolchain/bin/../lib/gcc/arm-none-eabi/6.3.1/../../../../arm-none-eabi/lib/thumb/v6-m\libc_nano.a
END GROUP
START GROUP
LOAD c:/program files (x86)/atmel/studio/7.0/toolchain/arm/arm-gnu-toolchain/bin/../lib/gcc/arm-none-eabi/6.3.1/thumb/v6-m\libgcc.a
LOAD c:/program files (x86)/atmel/studio/7.0/toolchain/arm/arm-gnu-toolchain/bin/../lib/gcc/arm-none-eabi/6.3.1/../../../../arm-none-eabi/lib/thumb/v6-m\libc_nano.a
END GROUP
LOAD c:/program files (x86)/atmel/studio/7.0/toolchain/arm/arm-gnu-toolchain/bin/../lib/gcc/arm-none-eabi/6.3.1/thumb/v6-m/crtend.o
LOAD c:/program files (x86)/atmel/studio/7.0/toolchain/arm/arm-gnu-toolchain/bin/../lib/gcc/arm-none-eabi/6.3.1/thumb/v6-m/crtn.o
                0x00000100                STACK_SIZE = DEFINED (STACK_SIZE)?STACK_SIZE:DEFINED (__stack_size__)?__stack_size__:0x100

.text           0x00000000     0x3e44
                0x00000000                . = ALIGN (0x4)
                0x00000000                _sfixed = .
 *(.vectors .vectors.*)
 .vectors       0x00000000       0x8c Device_Startup/startup_samd11.o
                0x00000000                exception_table
 *(.text .text.* .gnu.linkonce.t.*)
 .text          0x0000008c       0x60 c:/program files (x86)/atmel/studio/7.0/toolchain/arm/arm-gnu-toolchain/bin/../lib/gcc/arm-none-eabi/6.3.1/thumb/v6-m/crtbegin.o
 .text.Dummy_Handler
                0x000000ec        0x2 Device_Startup/startup_samd11.o
                0x000000ec                SVCall_Handler
                0x000000ec                HardFault_Handler
                0x000000ec                TC2_Handler
                0x000000ec                AC_Handler
                0x000000ec                PendSV_Handler
                0x000000ec                SERCOM1_Handler
                0x000000ec                ADC_Handler
                0x000000ec                NonMaskableInt_Handler
                0x000000ec                TCC0_Handler
                0x000000ec                RTC_Handler
                0x000000ec                EIC_Handler
                0x000000ec                WDT_Handler
                0x000000ec                TC1_Handler
                0x000000ec                USB_Handler
                0x000000ec                Dummy_Handler
                0x000000ec                PM_Handler
                0x000000ec                EVSYS_Handler
                0x000000ec                NVMCTRL_Handler
                0x000000ec                SERCOM0_Handler
                0x000000ec                DAC_Handler
                0x000000ec                PTC_Handler
                0x000000ec                SYSCTRL_Handler
 *fill*         0x000000ee        0x2 
 .text.Reset_Handler
                0x000000f0       0xbc Device_Startup/startup_samd11.o
                0x000000f0                Reset_Handler
 .text.SystemInit
                0x000001ac       0x10 Device_Startup/system_samd11.o
                0x000001ac                SystemInit
 .text.clocksInit48Mhz
                0x000001bc       0xc0 drivers/clocks.o
                0x000001bc                clocksInit48Mhz
 .text.dma_init
                0x0000027c       0x90 drivers/dma.o
                0x0000027c                dma_init
 .text.dmaStartTransfer
                0x0000030c       0x1c drivers/dma.o
                0x0000030c                dmaStartTransfer
 .text.screenLoad
                0x00000328       0x40 drivers/gameBadge.o
                0x00000328                screenLoad
 .text.DMAC_Handler
                0x00000368       0x28 drivers/gameBadge.o
                0x00000368                DMAC_Handler
 .text.rowLoad  0x00000390       0x38 drivers/gameBadge.o
                0x00000390                rowLoad
 .text.getButtons
                0x000003c8        0xc drivers/gameBadge.o
                0x000003c8                getButtons
 .text.toneLogic
                0x000003d4       0x40 drivers/gameBadge.o
                0x000003d4                toneLogic
 .text.tone     0x00000414       0x2c drivers/gameBadge.o
                0x00000414                tone
 .text.ledState
                0x00000440        0x2 drivers/gameBadge.o
                0x00000440                ledState
 *fill*         0x00000442        0x2 
 .text.getRandom
                0x00000444       0x54 drivers/gameBadge.o
                0x00000444                getRandom
 .text.drawTiles
                0x00000498      0x138 drivers/gameBadge.o
                0x00000498                drawTiles
 .text.setWindow
                0x000005d0       0x34 drivers/gameBadge.o
                0x000005d0                setWindow
 .text.setRowScroll
                0x00000604       0x18 drivers/gameBadge.o
                0x00000604                setRowScroll
 .text.drawSprite
                0x0000061c      0x104 drivers/gameBadge.o
                0x0000061c                drawSprite
 .text.setScrollDirection
                0x00000720        0xc drivers/gameBadge.o
                0x00000720                setScrollDirection
 .text.direct2buffer
                0x0000072c       0x20 drivers/gameBadge.o
                0x0000072c                direct2buffer
 .text.writecommand
                0x0000074c       0x18 drivers/gameBadge.o
                0x0000074c                writecommand
 .text.setRotate
                0x00000764       0x38 drivers/gameBadge.o
                0x00000764                setRotate
 .text.setInvert
                0x0000079c       0x2c drivers/gameBadge.o
                0x0000079c                setInvert
 .text.displayInit
                0x000007c8       0x98 drivers/gameBadge.o
                0x000007c8                displayInit
 .text.displayOnOff
                0x00000860       0x28 drivers/gameBadge.o
                0x00000860                displayOnOff
 .text.csHigh   0x00000888        0x2 drivers/gameBadge.o
                0x00000888                csHigh
 .text.csLow    0x0000088a        0x2 drivers/gameBadge.o
                0x0000088a                csLow
 .text.SPI_init
                0x0000088c       0x58 drivers/spi.o
                0x0000088c                SPI_init
 .text.spiSendIO
                0x000008e4       0x1c drivers/spi.o
                0x000008e4                spiSendIO
 .text.checkHitPlayer
                0x00000900       0x34 game.o
                0x00000900                checkHitPlayer
 .text.checkObstacle
                0x00000934       0x30 game.o
                0x00000934                checkObstacle
 .text.setGoal  0x00000964       0x20 game.o
                0x00000964                setGoal
 .text.spawnBoss
                0x00000984       0x50 game.o
                0x00000984                spawnBoss
 .text.findNextSlot
                0x000009d4       0x4c game.o
                0x000009d4                findNextSlot
 .text.spawnObstacle
                0x00000a20       0x8c game.o
                0x00000a20                spawnObstacle
 .text.spawnShot
                0x00000aac       0x60 game.o
                0x00000aac                spawnShot
 .text.spawnEnemy
                0x00000b0c       0x94 game.o
                0x00000b0c                spawnEnemy
 .text.spawnExplosion
                0x00000ba0       0x54 game.o
                0x00000ba0                spawnExplosion
 .text.shotLogic
                0x00000bf4       0x50 game.o
                0x00000bf4                shotLogic
 .text.clearShots
                0x00000c44       0x10 game.o
                0x00000c44                clearShots
 .text.clearEnemies
                0x00000c54       0x34 game.o
                0x00000c54                clearEnemies
 .text.startNewLife
                0x00000c88       0x60 game.o
                0x00000c88                startNewLife
 .text.playerLogic
                0x00000ce8      0x3e4 game.o
                0x00000ce8                playerLogic
 .text.startNewStage
                0x000010cc       0x30 game.o
                0x000010cc                startNewStage
 .text.startNewGame
                0x000010fc       0x2c game.o
                0x000010fc                startNewGame
 .text.phaseStart
                0x00001128      0x120 game.o
                0x00001128                phaseStart
 .text.drawSplashScreen
                0x00001248       0x24 game.o
                0x00001248                drawSplashScreen
 .text.drawCharacterRow
                0x0000126c       0x48 game.o
                0x0000126c                drawCharacterRow
 .text.findScorePosition
                0x000012b4       0x40 game.o
                0x000012b4                findScorePosition
 .text.getGround
                0x000012f4       0x2c game.o
                0x000012f4                getGround
 .text.fillTiles
                0x00001320       0x1c game.o
                0x00001320                fillTiles
 .text.drawMountains2
                0x0000133c       0x50 game.o
                0x0000133c                drawMountains2
 .text.drawDecimal
                0x0000138c       0x64 game.o
                0x0000138c                drawDecimal
 .text.drawText
                0x000013f0       0x10 game.o
                0x000013f0                drawText
 .text.damageBoss
                0x00001400       0x80 game.o
                0x00001400                damageBoss
 .text.enemies  0x00001480      0x630 game.o
                0x00001480                enemies
 .text.drawTimeDigit
                0x00001ab0       0x5c game.o
                0x00001ab0                drawTimeDigit
 .text.cls      0x00001b0c       0x18 game.o
                0x00001b0c                cls
 .text.drawHighScores
                0x00001b24       0x8c game.o
                0x00001b24                drawHighScores
 .text.drawOptions
                0x00001bb0       0xc8 game.o
                0x00001bb0                drawOptions
 .text.drawTime
                0x00001c78      0x16c game.o
                0x00001c78                drawTime
 .text.drawTitle
                0x00001de4       0x6c game.o
                0x00001de4                drawTitle
 .text.drawNameEntryScreen
                0x00001e50       0xa8 game.o
                0x00001e50                drawNameEntryScreen
 .text.drawMoonscape
                0x00001ef8      0x160 game.o
                0x00001ef8                drawMoonscape
 .text.updateHighScores
                0x00002058       0xc4 game.o
                0x00002058                updateHighScores
 .text.sendTiles
                0x0000211c       0x30 game.o
                0x0000211c                sendTiles
 .text.gameAction
                0x0000214c      0x394 game.o
                0x0000214c                gameAction
 .text.nextRow  0x000024e0       0x2c game.o
                0x000024e0                nextRow
 .text.gotoSleep
                0x0000250c       0x24 game.o
                0x0000250c                gotoSleep
 .text.gameStatus
                0x00002530      0x184 game.o
                0x00002530                gameStatus
 .text.gameFrame
                0x000026b4      0x34c game.o
                0x000026b4                gameFrame
 .text.systemLoop
                0x00002a00       0x28 game.o
                0x00002a00                systemLoop
 .text.writeDefaultHighScores
                0x00002a28       0x48 game.o
                0x00002a28                writeDefaultHighScores
 .text.gameSetup
                0x00002a70       0x18 game.o
                0x00002a70                gameSetup
 .text.SysTick_Handler
                0x00002a88       0x1c game.o
                0x00002a88                SysTick_Handler
 .text.startup.main
                0x00002aa4      0x130 main.o
                0x00002aa4                main
 .text          0x00002bd4       0x14 c:/program files (x86)/atmel/studio/7.0/toolchain/arm/arm-gnu-toolchain/bin/../lib/gcc/arm-none-eabi/6.3.1/thumb/v6-m\libgcc.a(_thumb1_case_uqi.o)
                0x00002bd4                __gnu_thumb1_case_uqi
 .text          0x00002be8       0x14 c:/program files (x86)/atmel/studio/7.0/toolchain/arm/arm-gnu-toolchain/bin/../lib/gcc/arm-none-eabi/6.3.1/thumb/v6-m\libgcc.a(_thumb1_case_uhi.o)
                0x00002be8                __gnu_thumb1_case_uhi
 .text          0x00002bfc      0x114 c:/program files (x86)/atmel/studio/7.0/toolchain/arm/arm-gnu-toolchain/bin/../lib/gcc/arm-none-eabi/6.3.1/thumb/v6-m\libgcc.a(_udivsi3.o)
                0x00002bfc                __aeabi_uidiv
                0x00002bfc                __udivsi3
                0x00002d08                __aeabi_uidivmod
 .text          0x00002d10        0x4 c:/program files (x86)/atmel/studio/7.0/toolchain/arm/arm-gnu-toolchain/bin/../lib/gcc/arm-none-eabi/6.3.1/thumb/v6-m\libgcc.a(_dvmd_tls.o)
                0x00002d10                __aeabi_idiv0
                0x00002d10                __aeabi_ldiv0
 .text.__libc_init_array
                0x00002d14       0x48 c:/program files (x86)/atmel/studio/7.0/toolchain/arm/arm-gnu-toolchain/bin/../lib/gcc/arm-none-eabi/6.3.1/../../../../arm-none-eabi/lib/thumb/v6-m\libc_nano.a(lib_a-init.o)
                0x00002d14                __libc_init_array
 .text.memcpy   0x00002d5c       0x12 c:/program files (x86)/atmel/studio/7.0/toolchain/arm/arm-gnu-toolchain/bin/../lib/gcc/arm-none-eabi/6.3.1/../../../../arm-none-eabi/lib/thumb/v6-m\libc_nano.a(lib_a-memcpy-stub.o)
                0x00002d5c                memcpy
 .text.memset   0x00002d6e       0x10 c:/program files (x86)/atmel/studio/7.0/toolchain/arm/arm-gnu-toolchain/bin/../lib/gcc/arm-none-eabi/6.3.1/../../../../arm-none-eabi/lib/thumb/v6-m\libc_nano.a(lib_a-memset.o)
                0x00002d6e                memset
 *(.glue_7t)
 .glue_7t       0x00002d7e        0x0 linker stubs
 *(.glue_7)
 .glue_7        0x00002d7e        0x0 linker stubs
 *(.rodata .rodata* .gnu.linkonce.r.*)
 *fill*         0x00002d7e        0x2 
 .rodata        0x00002d80      0xf48 game.o
                0x00002d80                superUFO
                0x00002e02                smallRock
                0x00002e24                largeRock
                0x00002e66                smallPit
                0x00002e88                largePit
                0x00002eba                evilWave
                0x00002ecc                evilBomb
                0x00002ede                ufo
                0x00002f00                balls
                0x00002f42                bulletMan
                0x00002f64                mediumExplode
                0x00003026                dualShot
                0x00003038                buggie
                0x0000306a                wheel
                0x0000307c                vertExplode
                0x000031fe                blaster
                0x00003240                jumpVelocity
                0x00003280                wastefulUncompressedMGClogo
                0x00003680                sineWave
                0x00003700                makeDigits
                0x00003784                tileData
                0x00003cc4                enemySpawnSide
 .rodata.str1.1
                0x00003cc8      0x15c game.o
 *(.ARM.extab* .gnu.linkonce.armextab.*)
                0x00003e24                . = ALIGN (0x4)
 *(.init)
 .init          0x00003e24        0x4 c:/program files (x86)/atmel/studio/7.0/toolchain/arm/arm-gnu-toolchain/bin/../lib/gcc/arm-none-eabi/6.3.1/thumb/v6-m/crti.o
                0x00003e24                _init
 .init          0x00003e28        0x8 c:/program files (x86)/atmel/studio/7.0/toolchain/arm/arm-gnu-toolchain/bin/../lib/gcc/arm-none-eabi/6.3.1/thumb/v6-m/crtn.o
                0x00003e30                . = ALIGN (0x4)
                0x00003e30                __preinit_array_start = .
 *(.preinit_array)
                0x00003e30                __preinit_array_end = .
                0x00003e30                . = ALIGN (0x4)
                0x00003e30                __init_array_start = .
 *(SORT(.init_array.*))
 *(.init_array)
 .init_array    0x00003e30        0x4 c:/program files (x86)/atmel/studio/7.0/toolchain/arm/arm-gnu-toolchain/bin/../lib/gcc/arm-none-eabi/6.3.1/thumb/v6-m/crtbegin.o
                0x00003e34                __init_array_end = .
                0x00003e34                . = ALIGN (0x4)
 *crtbegin.o(.ctors)
 *(EXCLUDE_FILE(*crtend.o) .ctors)
 *(SORT(.ctors.*))
 *crtend.o(.ctors)
                0x00003e34                . = ALIGN (0x4)
 *(.fini)
 .fini          0x00003e34        0x4 c:/program files (x86)/atmel/studio/7.0/toolchain/arm/arm-gnu-toolchain/bin/../lib/gcc/arm-none-eabi/6.3.1/thumb/v6-m/crti.o
                0x00003e34                _fini
 .fini          0x00003e38        0x8 c:/program files (x86)/atmel/studio/7.0/toolchain/arm/arm-gnu-toolchain/bin/../lib/gcc/arm-none-eabi/6.3.1/thumb/v6-m/crtn.o
                0x00003e40                . = ALIGN (0x4)
                0x00003e40                __fini_array_start = .
 *(.fini_array)
 .fini_array    0x00003e40        0x4 c:/program files (x86)/atmel/studio/7.0/toolchain/arm/arm-gnu-toolchain/bin/../lib/gcc/arm-none-eabi/6.3.1/thumb/v6-m/crtbegin.o
 *(SORT(.fini_array.*))
                0x00003e44                __fini_array_end = .
 *crtbegin.o(.dtors)
 *(EXCLUDE_FILE(*crtend.o) .dtors)
 *(SORT(.dtors.*))
 *crtend.o(.dtors)
                0x00003e44                . = ALIGN (0x4)
                0x00003e44                _efixed = .
                [!provide]                PROVIDE (__exidx_start, .)

.vfp11_veneer   0x00003e44        0x0
 .vfp11_veneer  0x00003e44        0x0 linker stubs

.v4_bx          0x00003e44        0x0
 .v4_bx         0x00003e44        0x0 linker stubs

.iplt           0x00003e44        0x0
 .iplt          0x00003e44        0x0 c:/program files (x86)/atmel/studio/7.0/toolchain/arm/arm-gnu-toolchain/bin/../lib/gcc/arm-none-eabi/6.3.1/thumb/v6-m/crtbegin.o

.eh_frame       0x00003e44        0x0
 .eh_frame      0x00003e44        0x0 c:/program files (x86)/atmel/studio/7.0/toolchain/arm/arm-gnu-toolchain/bin/../lib/gcc/arm-none-eabi/6.3.1/thumb/v6-m/crtbegin.o

.rel.dyn        0x00003e44        0x0
 .rel.iplt      0x00003e44        0x0 c:/program files (x86)/atmel/studio/7.0/toolchain/arm/arm-gnu-toolchain/bin/../lib/gcc/arm-none-eabi/6.3.1/thumb/v6-m/crtbegin.o

.jcr            0x00003e44        0x0
 .jcr           0x00003e44        0x0 c:/program files (x86)/atmel/studio/7.0/toolchain/arm/arm-gnu-toolchain/bin/../lib/gcc/arm-none-eabi/6.3.1/thumb/v6-m/crtbegin.o

.igot.plt       0x00003e44        0x0
 .igot.plt      0x00003e44        0x0 c:/program files (x86)/atmel/studio/7.0/toolchain/arm/arm-gnu-toolchain/bin/../lib/gcc/arm-none-eabi/6.3.1/thumb/v6-m/crtbegin.o

.ARM.exidx
 *(.ARM.exidx* .gnu.linkonce.armexidx.*)
                [!provide]                PROVIDE (__exidx_end, .)
                0x00003e44                . = ALIGN (0x4)
                0x00003e44                _etext = .

.relocate       0x20000000       0x2c load address 0x00003e44
                0x20000000                . = ALIGN (0x4)
                0x20000000                _srelocate = .
 *(.ramfunc .ramfunc.*)
 *(.data .data.*)
 .data          0x20000000        0x4 Device_Startup/system_samd11.o
                0x20000000                SystemCoreClock
 .data          0x20000004        0x4 drivers/dma.o
                0x20000004                sercomDMA0
 .data          0x20000008       0x24 game.o
                0x20000008                bugY
                0x20000009                gameState
                0x2000000a                spawnPointer
                0x2000000b                bugX
                0x2000000c                blasterX
                0x2000000d                wheelXcoarseTile
                0x20000010                wheelSpin
                0x20000011                obstacleTimer
                0x20000012                stagePhase
                0x20000013                scoreRanking
                0x20000014                groundSlope
                0x20000017                name
                0x2000001a                messageFlash
                0x2000001c                buttonDebounceMask
                0x20000023                splashTimer
                0x20000024                block
                0x2000002c                . = ALIGN (0x4)
                0x2000002c                _erelocate = .

.bss            0x20000030      0x81c load address 0x00003e80
                0x20000030                . = ALIGN (0x4)
                0x20000030                _sbss = .
                0x20000030                _szero = .
 *(.bss .bss.*)
 .bss           0x20000030       0x1c c:/program files (x86)/atmel/studio/7.0/toolchain/arm/arm-gnu-toolchain/bin/../lib/gcc/arm-none-eabi/6.3.1/thumb/v6-m/crtbegin.o
 .bss           0x2000004c       0x11 drivers/gameBadge.o
                0x2000004c                dmaActive
                0x20000050                toneDir
                0x20000054                toneTimer
                0x20000056                tonePriority
                0x20000057                scrollDirection
                0x20000058                winYfine
                0x20000059                winY
                0x2000005a                rotate180
                0x2000005b                inverted
                0x2000005c                displaySleep
 *fill*         0x2000005d        0x3 
 .bss           0x20000060       0x28 game.o
                0x20000060                playerState
                0x20000061                enemyPointer
                0x20000062                frameCounter
                0x20000064                stageWin
                0x20000065                bossBattle
                0x20000066                xWindow
                0x20000068                xWindowCoarse
                0x2000006c                playerFrame
                0x20000070                playerTimer
                0x20000072                blasterY
                0x20000074                score
                0x20000078                sideOfMoon
                0x20000079                shotPointer
                0x2000007a                eventGoal
                0x2000007c                eventTimer
                0x2000007f                wavePointer
                0x20000080                bossPhase
                0x20000082                changeTime
                0x20000083                bgScroll
                0x20000086                bugXfine
 *(COMMON)
 *fill*         0x20000088        0x8 
 COMMON         0x20000090      0x140 drivers/dma.o
                0x20000090                descriptor
                0x200000a0                descriptor_section
                0x20000100                dmadone
                0x20000110                wrb
                0x20000170                descriptor_chain
 COMMON         0x200001d0      0x415 drivers/gameBadge.o
                0x200001d0                tonePitch
                0x200001d2                winXfine
                0x200001da                winX
                0x200001e2                buffer
                0x200005e2                seed
                0x200005e4                buttons
 *fill*         0x200005e5        0x3 
 COMMON         0x200005e8      0x261 game.o
                0x200005e8                skyEnemies
                0x200005e9                buttonRepeatMask
                0x200005ec                heroShots
                0x200005fc                tileMap
                0x200006fc                nameShift
                0x200006ff                buttonRepeatFlag
                0x20000700                jumpScore
                0x20000702                distance
                0x20000703                gamePad
                0x20000704                numberSpawned
                0x20000705                stage
                0x20000708                highScores
                0x20000724                attackSpeed
                0x20000725                numberOfWaves
                0x20000726                jump
                0x20000727                yCollide
                0x20000728                highNames
                0x2000073d                bossHealth
                0x2000073e                buttonsPressed
                0x2000073f                lives
                0x20000740                enemy
                0x20000840                lastObstacleSpawned
                0x20000841                speed
                0x20000842                byDistance
                0x20000843                killedPerWave
                0x20000844                checkPoint
                0x20000845                isDrawn
                0x20000846                distanceGoal
                0x20000847                xCollide
                0x20000848                spawnPerWave
                0x2000084c                . = ALIGN (0x4)
 *fill*         0x20000849        0x3 
                0x2000084c                _ebss = .
                0x2000084c                _ezero = .

.stack          0x2000084c      0x104 load address 0x0000469c
                0x20000850                . = ALIGN (0x8)
 *fill*         0x2000084c        0x4 
                0x20000850                _sstack = .
                0x20000950                . = (. + STACK_SIZE)
 *fill*         0x20000850      0x100 
                0x20000950                . = ALIGN (0x8)
                0x20000950                _estack = .
                0x20000950                . = ALIGN (0x4)
                0x20000950                _end = .
OUTPUT(gameBadge ARM.elf elf32-littlearm)

.ARM.attributes
                0x00000000       0x28
 .ARM.attributes
                0x00000000       0x1e c:/program files (x86)/atmel/studio/7.0/toolchain/arm/arm-gnu-toolchain/bin/../lib/gcc/arm-none-eabi/6.3.1/thumb/v6-m/crti.o
 .ARM.attributes
                0x0000001e       0x2c c:/program files (x86)/atmel/studio/7.0/toolchain/arm/arm-gnu-toolchain/bin/../lib/gcc/arm-none-eabi/6.3.1/thumb/v6-m/crtbegin.o
 .ARM.attributes
                0x0000004a       0x32 Device_Startup/startup_samd11.o
 .ARM.attributes
                0x0000007c       0x32 Device_Startup/system_samd11.o
 .ARM.attributes
                0x000000ae       0x32 drivers/clocks.o
 .ARM.attributes
                0x000000e0       0x32 drivers/dma.o
 .ARM.attributes
                0x00000112       0x32 drivers/gameBadge.o
 .ARM.attributes
                0x00000144       0x32 drivers/spi.o
 .ARM.attributes
                0x00000176       0x32 game.o
 .ARM.attributes
                0x000001a8       0x32 main.o
 .ARM.attributes
                0x000001da       0x1e c:/program files (x86)/atmel/studio/7.0/toolchain/arm/arm-gnu-toolchain/bin/../lib/gcc/arm-none-eabi/6.3.1/thumb/v6-m\libgcc.a(_thumb1_case_uqi.o)
 .ARM.attributes
                0x000001f8       0x1e c:/program files (x86)/atmel/studio/7.0/toolchain/arm/arm-gnu-toolchain/bin/../lib/gcc/arm-none-eabi/6.3.1/thumb/v6-m\libgcc.a(_thumb1_case_uhi.o)
 .ARM.attributes
                0x00000216       0x1e c:/program files (x86)/atmel/studio/7.0/toolchain/arm/arm-gnu-toolchain/bin/../lib/gcc/arm-none-eabi/6.3.1/thumb/v6-m\libgcc.a(_udivsi3.o)
 .ARM.attributes
                0x00000234       0x1e c:/program files (x86)/atmel/studio/7.0/toolchain/arm/arm-gnu-toolchain/bin/../lib/gcc/arm-none-eabi/6.3.1/thumb/v6-m\libgcc.a(_dvmd_tls.o)
 .ARM.attributes
                0x00000252       0x2c c:/program files (x86)/atmel/studio/7.0/toolchain/arm/arm-gnu-toolchain/bin/../lib/gcc/arm-none-eabi/6.3.1/../../../../arm-none-eabi/lib/thumb/v6-m\libc_nano.a(lib_a-init.o)
 .ARM.attributes
                0x0000027e       0x2c c:/program files (x86)/atmel/studio/7.0/toolchain/arm/arm-gnu-toolchain/bin/../lib/gcc/arm-none-eabi/6.3.1/../../../../arm-none-eabi/lib/thumb/v6-m\libc_nano.a(lib_a-memcpy-stub.o)
 .ARM.attributes
                0x000002aa       0x2c c:/program files (x86)/atmel/studio/7.0/toolchain/arm/arm-gnu-toolchain/bin/../lib/gcc/arm-none-eabi/6.3.1/../../../../arm-none-eabi/lib/thumb/v6-m\libc_nano.a(lib_a-memset.o)
 .ARM.attributes
                0x000002d6       0x1e c:/program files (x86)/atmel/studio/7.0/toolchain/arm/arm-gnu-toolchain/bin/../lib/gcc/arm-none-eabi/6.3.1/thumb/v6-m/crtn.o

.comment        0x00000000       0x59
 .comment       0x00000000       0x59 Device_Startup/startup_samd11.o
                                 0x5a (size before relaxing)
 .comment       0x00000059       0x5a Device_Startup/system_samd11.o
 .comment       0x00000059       0x5a drivers/clocks.o
 .comment       0x00000059       0x5a drivers/dma.o
 .comment       0x00000059       0x5a drivers/gameBadge.o
 .comment       0x00000059       0x5a drivers/spi.o
 .comment       0x00000059       0x5a game.o
 .comment       0x00000059       0x5a main.o

.debug_frame    0x00000000       0x94
 .debug_frame   0x00000000       0x20 c:/program files (x86)/atmel/studio/7.0/toolchain/arm/arm-gnu-toolchain/bin/../lib/gcc/arm-none-eabi/6.3.1/thumb/v6-m\libgcc.a(_udivsi3.o)
 .debug_frame   0x00000020       0x2c c:/program files (x86)/atmel/studio/7.0/toolchain/arm/arm-gnu-toolchain/bin/../lib/gcc/arm-none-eabi/6.3.1/../../../../arm-none-eabi/lib/thumb/v6-m\libc_nano.a(lib_a-init.o)
 .debug_frame   0x0000004c       0x28 c:/program files (x86)/atmel/studio/7.0/toolchain/arm/arm-gnu-toolchain/bin/../lib/gcc/arm-none-eabi/6.3.1/../../../../arm-none-eabi/lib/thumb/v6-m\libc_nano.a(lib_a-memcpy-stub.o)
 .debug_frame   0x00000074       0x20 c:/program files (x86)/atmel/studio/7.0/toolchain/arm/arm-gnu-toolchain/bin/../lib/gcc/arm-none-eabi/6.3.1/../../../../arm-none-eabi/lib/thumb/v6-m\libc_nano.a(lib_a-memset.o)
