Archive member included to satisfy reference by file (symbol)

c:/program files (x86)/atmel/studio/7.0/toolchain/arm/arm-gnu-toolchain/bin/../lib/gcc/arm-none-eabi/6.3.1/thumb/v6-m\libgcc.a(_thumb1_case_uqi.o)
                              game.o (__gnu_thumb1_case_uqi)
c:/program files (x86)/atmel/studio/7.0/toolchain/arm/arm-gnu-toolchain/bin/../lib/gcc/arm-none-eabi/6.3.1/thumb/v6-m\libgcc.a(_thumb1_case_uhi.o)
                              game.o (__gnu_thumb1_case_uhi)
c:/program files (x86)/atmel/studio/7.0/toolchain/arm/arm-gnu-toolchain/bin/../lib/gcc/arm-none-eabi/6.3.1/thumb/v6-m\libgcc.a(_udivsi3.o)
                              game.o (__aeabi_uidiv)
c:/program files (x86)/atmel/studio/7.0/toolchain/arm/arm-gnu-toolchain/bin/../lib/gcc/arm-none-eabi/6.3.1/thumb/v6-m\libgcc.a(_dvmd_tls.o)
                              c:/program files (x86)/atmel/studio/7.0/toolchain/arm/arm-gnu-toolchain/bin/../lib/gcc/arm-none-eabi/6.3.1/thumb/v6-m\libgcc.a(_udivsi3.o) (__aeabi_idiv0)
c:/program files (x86)/atmel/studio/7.0/toolchain/arm/arm-gnu-toolchain/bin/../lib/gcc/arm-none-eabi/6.3.1/../../../../arm-none-eabi/lib/thumb/v6-m\libc_nano.a(lib_a-exit.o)
                              c:/program files (x86)/atmel/studio/7.0/toolchain/arm/arm-gnu-toolchain/bin/../lib/gcc/arm-none-eabi/6.3.1/../../../../arm-none-eabi/lib/thumb/v6-m/crt0.o (exit)
c:/program files (x86)/atmel/studio/7.0/toolchain/arm/arm-gnu-toolchain/bin/../lib/gcc/arm-none-eabi/6.3.1/../../../../arm-none-eabi/lib/thumb/v6-m\libc_nano.a(lib_a-impure.o)
                              c:/program files (x86)/atmel/studio/7.0/toolchain/arm/arm-gnu-toolchain/bin/../lib/gcc/arm-none-eabi/6.3.1/../../../../arm-none-eabi/lib/thumb/v6-m\libc_nano.a(lib_a-exit.o) (_global_impure_ptr)
c:/program files (x86)/atmel/studio/7.0/toolchain/arm/arm-gnu-toolchain/bin/../lib/gcc/arm-none-eabi/6.3.1/../../../../arm-none-eabi/lib/thumb/v6-m\libc_nano.a(lib_a-init.o)
                              c:/program files (x86)/atmel/studio/7.0/toolchain/arm/arm-gnu-toolchain/bin/../lib/gcc/arm-none-eabi/6.3.1/../../../../arm-none-eabi/lib/thumb/v6-m/crt0.o (__libc_init_array)
c:/program files (x86)/atmel/studio/7.0/toolchain/arm/arm-gnu-toolchain/bin/../lib/gcc/arm-none-eabi/6.3.1/../../../../arm-none-eabi/lib/thumb/v6-m\libc_nano.a(lib_a-memcpy-stub.o)
                              drivers/dma.o (memcpy)
c:/program files (x86)/atmel/studio/7.0/toolchain/arm/arm-gnu-toolchain/bin/../lib/gcc/arm-none-eabi/6.3.1/../../../../arm-none-eabi/lib/thumb/v6-m\libc_nano.a(lib_a-memset.o)
                              c:/program files (x86)/atmel/studio/7.0/toolchain/arm/arm-gnu-toolchain/bin/../lib/gcc/arm-none-eabi/6.3.1/../../../../arm-none-eabi/lib/thumb/v6-m/crt0.o (memset)

Allocating common symbols
Common symbol       size              file

descriptor          0x10              drivers/dma.o
skyEnemies          0x1               game.o
descriptor_section  0x60              drivers/dma.o
buttonRepeatMask    0x1               game.o
tonePitch           0x2               drivers/gameBadge.o
heroShots           0x10              game.o
tileMap             0x100             game.o
nameShift           0x3               game.o
winXfine            0x8               drivers/gameBadge.o
buttonRepeatFlag    0x1               game.o
jumpScore           0x2               game.o
distance            0x1               game.o
winX                0x8               drivers/gameBadge.o
gamePad             0x1               game.o
numberSpawned       0x1               game.o
stage               0x1               game.o
attackSpeed         0x1               game.o
dmadone             0x4               drivers/dma.o
numberOfWaves       0x1               game.o
buffer              0x400             drivers/gameBadge.o
jump                0x1               game.o
yCollide            0x1               game.o
seed                0x2               drivers/gameBadge.o
wrb                 0x60              drivers/dma.o
buttons             0x1               drivers/gameBadge.o
bossHealth          0x1               game.o
buttonsPressed      0x1               game.o
lives               0x1               game.o
enemy               0x100             game.o
lastObstacleSpawned
                    0x1               game.o
buttonDebounce      0x8               game.o
speed               0x1               game.o
byDistance          0x1               game.o
killedPerWave       0x1               game.o
checkPoint          0x1               game.o
isDrawn             0x1               game.o
distanceGoal        0x1               game.o
xCollide            0x1               game.o
descriptor_chain    0x60              drivers/dma.o
spawnPerWave        0x1               game.o

Discarded input sections

 .text          0x00000000        0x0 c:/program files (x86)/atmel/studio/7.0/toolchain/arm/arm-gnu-toolchain/bin/../lib/gcc/arm-none-eabi/6.3.1/thumb/v6-m/crti.o
 .data          0x00000000        0x0 c:/program files (x86)/atmel/studio/7.0/toolchain/arm/arm-gnu-toolchain/bin/../lib/gcc/arm-none-eabi/6.3.1/thumb/v6-m/crti.o
 .bss           0x00000000        0x0 c:/program files (x86)/atmel/studio/7.0/toolchain/arm/arm-gnu-toolchain/bin/../lib/gcc/arm-none-eabi/6.3.1/thumb/v6-m/crti.o
 .data          0x00000000        0x4 c:/program files (x86)/atmel/studio/7.0/toolchain/arm/arm-gnu-toolchain/bin/../lib/gcc/arm-none-eabi/6.3.1/thumb/v6-m/crtbegin.o
 .text          0x00000000       0x78 c:/program files (x86)/atmel/studio/7.0/toolchain/arm/arm-gnu-toolchain/bin/../lib/gcc/arm-none-eabi/6.3.1/../../../../arm-none-eabi/lib/thumb/v6-m/crt0.o
 .data          0x00000000        0x0 c:/program files (x86)/atmel/studio/7.0/toolchain/arm/arm-gnu-toolchain/bin/../lib/gcc/arm-none-eabi/6.3.1/../../../../arm-none-eabi/lib/thumb/v6-m/crt0.o
 .bss           0x00000000        0x0 c:/program files (x86)/atmel/studio/7.0/toolchain/arm/arm-gnu-toolchain/bin/../lib/gcc/arm-none-eabi/6.3.1/../../../../arm-none-eabi/lib/thumb/v6-m/crt0.o
 .ARM.extab     0x00000000        0x0 c:/program files (x86)/atmel/studio/7.0/toolchain/arm/arm-gnu-toolchain/bin/../lib/gcc/arm-none-eabi/6.3.1/../../../../arm-none-eabi/lib/thumb/v6-m/crt0.o
 .ARM.exidx     0x00000000        0x8 c:/program files (x86)/atmel/studio/7.0/toolchain/arm/arm-gnu-toolchain/bin/../lib/gcc/arm-none-eabi/6.3.1/../../../../arm-none-eabi/lib/thumb/v6-m/crt0.o
 .ARM.attributes
                0x00000000       0x1b c:/program files (x86)/atmel/studio/7.0/toolchain/arm/arm-gnu-toolchain/bin/../lib/gcc/arm-none-eabi/6.3.1/../../../../arm-none-eabi/lib/thumb/v6-m/crt0.o
 .text          0x00000000        0x0 Device_Startup/startup_samd11.o
 .data          0x00000000        0x0 Device_Startup/startup_samd11.o
 .bss           0x00000000        0x0 Device_Startup/startup_samd11.o
 .text          0x00000000        0x0 Device_Startup/system_samd11.o
 .bss           0x00000000        0x0 Device_Startup/system_samd11.o
 .text.SystemCoreClockUpdate
                0x00000000       0x10 Device_Startup/system_samd11.o
 .text          0x00000000        0x0 drivers/clocks.o
 .data          0x00000000        0x0 drivers/clocks.o
 .bss           0x00000000        0x0 drivers/clocks.o
 .text          0x00000000        0x0 drivers/dma.o
 .bss           0x00000000        0x0 drivers/dma.o
 .text          0x00000000        0x0 drivers/gameBadge.o
 .data          0x00000000        0x0 drivers/gameBadge.o
 .text.rowLoad  0x00000000        0x2 drivers/gameBadge.o
 .text.toneLogic
                0x00000000       0x1c drivers/gameBadge.o
 .text.tone     0x00000000       0x18 drivers/gameBadge.o
 .text.ledState
                0x00000000        0x2 drivers/gameBadge.o
 .text.getRandom
                0x00000000        0x2 drivers/gameBadge.o
 .text.drawTiles
                0x00000000      0x138 drivers/gameBadge.o
 .text.setWindow
                0x00000000       0x34 drivers/gameBadge.o
 .text.setRowScroll
                0x00000000       0x18 drivers/gameBadge.o
 .text.drawSprite
                0x00000000        0x2 drivers/gameBadge.o
 .text.setScrollDirection
                0x00000000        0xc drivers/gameBadge.o
 .text.displayOnOff
                0x00000000       0x28 drivers/gameBadge.o
 .text.writedata
                0x00000000       0x18 drivers/gameBadge.o
 .text.dcHigh   0x00000000        0xc drivers/gameBadge.o
 .text.dcLow    0x00000000        0xc drivers/gameBadge.o
 .text.csHigh   0x00000000        0x2 drivers/gameBadge.o
 .text.csLow    0x00000000        0x2 drivers/gameBadge.o
 .text          0x00000000        0x0 drivers/spi.o
 .data          0x00000000        0x0 drivers/spi.o
 .bss           0x00000000        0x0 drivers/spi.o
 .text          0x00000000        0x0 game.o
 .text.setGoal  0x00000000       0x20 game.o
 .text.spawnBoss
                0x00000000       0x50 game.o
 .text.findNextSlot
                0x00000000       0x4c game.o
 .text.spawnObstacle
                0x00000000       0x8c game.o
 .text.spawnShot
                0x00000000       0x60 game.o
 .text.spawnEnemy
                0x00000000       0x90 game.o
 .text.spawnExplosion
                0x00000000       0x54 game.o
 .text.shotLogic
                0x00000000       0x50 game.o
 .text.killPlayer
                0x00000000       0x14 game.o
 .text.checkHitPlayer
                0x00000000       0x40 game.o
 .text.checkObstacle
                0x00000000       0x3c game.o
 .text.clearShots
                0x00000000       0x10 game.o
 .text.clearEnemies
                0x00000000       0x34 game.o
 .text.startNewLife
                0x00000000       0x60 game.o
 .text.playerLogic
                0x00000000      0x3e4 game.o
 .text.startNewStage
                0x00000000       0x30 game.o
 .text.startNewGame
                0x00000000       0x2c game.o
 .text.phaseStart
                0x00000000      0x120 game.o
 .text.drawSplashScreen
                0x00000000       0x24 game.o
 .text.drawCharacterRow
                0x00000000       0x48 game.o
 .text.findScorePosition
                0x00000000       0x18 game.o
 .text.getGround
                0x00000000       0x2c game.o
 .text.fillTiles
                0x00000000       0x1c game.o
 .text.drawMountains2
                0x00000000       0x50 game.o
 .text.drawDecimal
                0x00000000       0x60 game.o
 .text.drawText
                0x00000000       0x10 game.o
 .text.damageBoss
                0x00000000       0x80 game.o
 .text.enemies  0x00000000      0x674 game.o
 .text.drawTimeDigit
                0x00000000       0x5c game.o
 .text.cls      0x00000000       0x18 game.o
 .text.drawOptions
                0x00000000       0xc8 game.o
 .text.drawTime
                0x00000000      0x16c game.o
 .text.drawTitle
                0x00000000       0x6c game.o
 .text.drawMoonscape
                0x00000000      0x160 game.o
 .text.drawHighScores
                0x00000000       0x70 game.o
 .text.drawNameEntryScreen
                0x00000000       0xa8 game.o
 .text.updateHighScores
                0x00000000       0x58 game.o
 .text.sendTiles
                0x00000000       0x24 game.o
 .text.gameAction
                0x00000000      0x348 game.o
 .text.nextRow  0x00000000       0x2c game.o
 .text.gotoSleep
                0x00000000       0x24 game.o
 .text.gameStatus
                0x00000000      0x184 game.o
 .text.eepromReadByte
                0x00000000        0x2 game.o
 .text.eepromReadLong
                0x00000000        0x2 game.o
 .text.eepromWrite
                0x00000000        0x2 game.o
 .text.writeDefaultHighScores
                0x00000000       0x18 game.o
 .rodata.str1.1
                0x00000000      0x15c game.o
 .text          0x00000000        0x0 main.o
 .data          0x00000000        0x0 main.o
 .bss           0x00000000        0x0 main.o
 .text          0x00000000       0x14 c:/program files (x86)/atmel/studio/7.0/toolchain/arm/arm-gnu-toolchain/bin/../lib/gcc/arm-none-eabi/6.3.1/thumb/v6-m\libgcc.a(_thumb1_case_uqi.o)
 .data          0x00000000        0x0 c:/program files (x86)/atmel/studio/7.0/toolchain/arm/arm-gnu-toolchain/bin/../lib/gcc/arm-none-eabi/6.3.1/thumb/v6-m\libgcc.a(_thumb1_case_uqi.o)
 .bss           0x00000000        0x0 c:/program files (x86)/atmel/studio/7.0/toolchain/arm/arm-gnu-toolchain/bin/../lib/gcc/arm-none-eabi/6.3.1/thumb/v6-m\libgcc.a(_thumb1_case_uqi.o)
 .ARM.attributes
                0x00000000       0x1e c:/program files (x86)/atmel/studio/7.0/toolchain/arm/arm-gnu-toolchain/bin/../lib/gcc/arm-none-eabi/6.3.1/thumb/v6-m\libgcc.a(_thumb1_case_uqi.o)
 .text          0x00000000       0x14 c:/program files (x86)/atmel/studio/7.0/toolchain/arm/arm-gnu-toolchain/bin/../lib/gcc/arm-none-eabi/6.3.1/thumb/v6-m\libgcc.a(_thumb1_case_uhi.o)
 .data          0x00000000        0x0 c:/program files (x86)/atmel/studio/7.0/toolchain/arm/arm-gnu-toolchain/bin/../lib/gcc/arm-none-eabi/6.3.1/thumb/v6-m\libgcc.a(_thumb1_case_uhi.o)
 .bss           0x00000000        0x0 c:/program files (x86)/atmel/studio/7.0/toolchain/arm/arm-gnu-toolchain/bin/../lib/gcc/arm-none-eabi/6.3.1/thumb/v6-m\libgcc.a(_thumb1_case_uhi.o)
 .ARM.attributes
                0x00000000       0x1e c:/program files (x86)/atmel/studio/7.0/toolchain/arm/arm-gnu-toolchain/bin/../lib/gcc/arm-none-eabi/6.3.1/thumb/v6-m\libgcc.a(_thumb1_case_uhi.o)
 .text          0x00000000      0x114 c:/program files (x86)/atmel/studio/7.0/toolchain/arm/arm-gnu-toolchain/bin/../lib/gcc/arm-none-eabi/6.3.1/thumb/v6-m\libgcc.a(_udivsi3.o)
 .data          0x00000000        0x0 c:/program files (x86)/atmel/studio/7.0/toolchain/arm/arm-gnu-toolchain/bin/../lib/gcc/arm-none-eabi/6.3.1/thumb/v6-m\libgcc.a(_udivsi3.o)
 .bss           0x00000000        0x0 c:/program files (x86)/atmel/studio/7.0/toolchain/arm/arm-gnu-toolchain/bin/../lib/gcc/arm-none-eabi/6.3.1/thumb/v6-m\libgcc.a(_udivsi3.o)
 .debug_frame   0x00000000       0x20 c:/program files (x86)/atmel/studio/7.0/toolchain/arm/arm-gnu-toolchain/bin/../lib/gcc/arm-none-eabi/6.3.1/thumb/v6-m\libgcc.a(_udivsi3.o)
 .ARM.attributes
                0x00000000       0x1e c:/program files (x86)/atmel/studio/7.0/toolchain/arm/arm-gnu-toolchain/bin/../lib/gcc/arm-none-eabi/6.3.1/thumb/v6-m\libgcc.a(_udivsi3.o)
 .text          0x00000000        0x4 c:/program files (x86)/atmel/studio/7.0/toolchain/arm/arm-gnu-toolchain/bin/../lib/gcc/arm-none-eabi/6.3.1/thumb/v6-m\libgcc.a(_dvmd_tls.o)
 .data          0x00000000        0x0 c:/program files (x86)/atmel/studio/7.0/toolchain/arm/arm-gnu-toolchain/bin/../lib/gcc/arm-none-eabi/6.3.1/thumb/v6-m\libgcc.a(_dvmd_tls.o)
 .bss           0x00000000        0x0 c:/program files (x86)/atmel/studio/7.0/toolchain/arm/arm-gnu-toolchain/bin/../lib/gcc/arm-none-eabi/6.3.1/thumb/v6-m\libgcc.a(_dvmd_tls.o)
 .ARM.attributes
                0x00000000       0x1e c:/program files (x86)/atmel/studio/7.0/toolchain/arm/arm-gnu-toolchain/bin/../lib/gcc/arm-none-eabi/6.3.1/thumb/v6-m\libgcc.a(_dvmd_tls.o)
 .text          0x00000000        0x0 c:/program files (x86)/atmel/studio/7.0/toolchain/arm/arm-gnu-toolchain/bin/../lib/gcc/arm-none-eabi/6.3.1/../../../../arm-none-eabi/lib/thumb/v6-m\libc_nano.a(lib_a-exit.o)
 .data          0x00000000        0x0 c:/program files (x86)/atmel/studio/7.0/toolchain/arm/arm-gnu-toolchain/bin/../lib/gcc/arm-none-eabi/6.3.1/../../../../arm-none-eabi/lib/thumb/v6-m\libc_nano.a(lib_a-exit.o)
 .bss           0x00000000        0x0 c:/program files (x86)/atmel/studio/7.0/toolchain/arm/arm-gnu-toolchain/bin/../lib/gcc/arm-none-eabi/6.3.1/../../../../arm-none-eabi/lib/thumb/v6-m\libc_nano.a(lib_a-exit.o)
 .text.exit     0x00000000       0x2c c:/program files (x86)/atmel/studio/7.0/toolchain/arm/arm-gnu-toolchain/bin/../lib/gcc/arm-none-eabi/6.3.1/../../../../arm-none-eabi/lib/thumb/v6-m\libc_nano.a(lib_a-exit.o)
 .debug_frame   0x00000000       0x28 c:/program files (x86)/atmel/studio/7.0/toolchain/arm/arm-gnu-toolchain/bin/../lib/gcc/arm-none-eabi/6.3.1/../../../../arm-none-eabi/lib/thumb/v6-m\libc_nano.a(lib_a-exit.o)
 .ARM.attributes
                0x00000000       0x2c c:/program files (x86)/atmel/studio/7.0/toolchain/arm/arm-gnu-toolchain/bin/../lib/gcc/arm-none-eabi/6.3.1/../../../../arm-none-eabi/lib/thumb/v6-m\libc_nano.a(lib_a-exit.o)
 .text          0x00000000        0x0 c:/program files (x86)/atmel/studio/7.0/toolchain/arm/arm-gnu-toolchain/bin/../lib/gcc/arm-none-eabi/6.3.1/../../../../arm-none-eabi/lib/thumb/v6-m\libc_nano.a(lib_a-impure.o)
 .data          0x00000000        0x0 c:/program files (x86)/atmel/studio/7.0/toolchain/arm/arm-gnu-toolchain/bin/../lib/gcc/arm-none-eabi/6.3.1/../../../../arm-none-eabi/lib/thumb/v6-m\libc_nano.a(lib_a-impure.o)
 .bss           0x00000000        0x0 c:/program files (x86)/atmel/studio/7.0/toolchain/arm/arm-gnu-toolchain/bin/../lib/gcc/arm-none-eabi/6.3.1/../../../../arm-none-eabi/lib/thumb/v6-m\libc_nano.a(lib_a-impure.o)
 .data._impure_ptr
                0x00000000        0x4 c:/program files (x86)/atmel/studio/7.0/toolchain/arm/arm-gnu-toolchain/bin/../lib/gcc/arm-none-eabi/6.3.1/../../../../arm-none-eabi/lib/thumb/v6-m\libc_nano.a(lib_a-impure.o)
 .data.impure_data
                0x00000000       0x60 c:/program files (x86)/atmel/studio/7.0/toolchain/arm/arm-gnu-toolchain/bin/../lib/gcc/arm-none-eabi/6.3.1/../../../../arm-none-eabi/lib/thumb/v6-m\libc_nano.a(lib_a-impure.o)
 .rodata._global_impure_ptr
                0x00000000        0x4 c:/program files (x86)/atmel/studio/7.0/toolchain/arm/arm-gnu-toolchain/bin/../lib/gcc/arm-none-eabi/6.3.1/../../../../arm-none-eabi/lib/thumb/v6-m\libc_nano.a(lib_a-impure.o)
 .ARM.attributes
                0x00000000       0x2c c:/program files (x86)/atmel/studio/7.0/toolchain/arm/arm-gnu-toolchain/bin/../lib/gcc/arm-none-eabi/6.3.1/../../../../arm-none-eabi/lib/thumb/v6-m\libc_nano.a(lib_a-impure.o)
 .text          0x00000000        0x0 c:/program files (x86)/atmel/studio/7.0/toolchain/arm/arm-gnu-toolchain/bin/../lib/gcc/arm-none-eabi/6.3.1/../../../../arm-none-eabi/lib/thumb/v6-m\libc_nano.a(lib_a-init.o)
 .data          0x00000000        0x0 c:/program files (x86)/atmel/studio/7.0/toolchain/arm/arm-gnu-toolchain/bin/../lib/gcc/arm-none-eabi/6.3.1/../../../../arm-none-eabi/lib/thumb/v6-m\libc_nano.a(lib_a-init.o)
 .bss           0x00000000        0x0 c:/program files (x86)/atmel/studio/7.0/toolchain/arm/arm-gnu-toolchain/bin/../lib/gcc/arm-none-eabi/6.3.1/../../../../arm-none-eabi/lib/thumb/v6-m\libc_nano.a(lib_a-init.o)
 .text          0x00000000        0x0 c:/program files (x86)/atmel/studio/7.0/toolchain/arm/arm-gnu-toolchain/bin/../lib/gcc/arm-none-eabi/6.3.1/../../../../arm-none-eabi/lib/thumb/v6-m\libc_nano.a(lib_a-memcpy-stub.o)
 .data          0x00000000        0x0 c:/program files (x86)/atmel/studio/7.0/toolchain/arm/arm-gnu-toolchain/bin/../lib/gcc/arm-none-eabi/6.3.1/../../../../arm-none-eabi/lib/thumb/v6-m\libc_nano.a(lib_a-memcpy-stub.o)
 .bss           0x00000000        0x0 c:/program files (x86)/atmel/studio/7.0/toolchain/arm/arm-gnu-toolchain/bin/../lib/gcc/arm-none-eabi/6.3.1/../../../../arm-none-eabi/lib/thumb/v6-m\libc_nano.a(lib_a-memcpy-stub.o)
 .text          0x00000000        0x0 c:/program files (x86)/atmel/studio/7.0/toolchain/arm/arm-gnu-toolchain/bin/../lib/gcc/arm-none-eabi/6.3.1/../../../../arm-none-eabi/lib/thumb/v6-m\libc_nano.a(lib_a-memset.o)
 .data          0x00000000        0x0 c:/program files (x86)/atmel/studio/7.0/toolchain/arm/arm-gnu-toolchain/bin/../lib/gcc/arm-none-eabi/6.3.1/../../../../arm-none-eabi/lib/thumb/v6-m\libc_nano.a(lib_a-memset.o)
 .bss           0x00000000        0x0 c:/program files (x86)/atmel/studio/7.0/toolchain/arm/arm-gnu-toolchain/bin/../lib/gcc/arm-none-eabi/6.3.1/../../../../arm-none-eabi/lib/thumb/v6-m\libc_nano.a(lib_a-memset.o)
 .text.memset   0x00000000       0x10 c:/program files (x86)/atmel/studio/7.0/toolchain/arm/arm-gnu-toolchain/bin/../lib/gcc/arm-none-eabi/6.3.1/../../../../arm-none-eabi/lib/thumb/v6-m\libc_nano.a(lib_a-memset.o)
 .debug_frame   0x00000000       0x20 c:/program files (x86)/atmel/studio/7.0/toolchain/arm/arm-gnu-toolchain/bin/../lib/gcc/arm-none-eabi/6.3.1/../../../../arm-none-eabi/lib/thumb/v6-m\libc_nano.a(lib_a-memset.o)
 .ARM.attributes
                0x00000000       0x2c c:/program files (x86)/atmel/studio/7.0/toolchain/arm/arm-gnu-toolchain/bin/../lib/gcc/arm-none-eabi/6.3.1/../../../../arm-none-eabi/lib/thumb/v6-m\libc_nano.a(lib_a-memset.o)
 .text          0x00000000        0x0 c:/program files (x86)/atmel/studio/7.0/toolchain/arm/arm-gnu-toolchain/bin/../lib/gcc/arm-none-eabi/6.3.1/thumb/v6-m/crtend.o
 .data          0x00000000        0x0 c:/program files (x86)/atmel/studio/7.0/toolchain/arm/arm-gnu-toolchain/bin/../lib/gcc/arm-none-eabi/6.3.1/thumb/v6-m/crtend.o
 .bss           0x00000000        0x0 c:/program files (x86)/atmel/studio/7.0/toolchain/arm/arm-gnu-toolchain/bin/../lib/gcc/arm-none-eabi/6.3.1/thumb/v6-m/crtend.o
 .eh_frame      0x00000000        0x4 c:/program files (x86)/atmel/studio/7.0/toolchain/arm/arm-gnu-toolchain/bin/../lib/gcc/arm-none-eabi/6.3.1/thumb/v6-m/crtend.o
 .jcr           0x00000000        0x4 c:/program files (x86)/atmel/studio/7.0/toolchain/arm/arm-gnu-toolchain/bin/../lib/gcc/arm-none-eabi/6.3.1/thumb/v6-m/crtend.o
 .ARM.attributes
                0x00000000       0x2c c:/program files (x86)/atmel/studio/7.0/toolchain/arm/arm-gnu-toolchain/bin/../lib/gcc/arm-none-eabi/6.3.1/thumb/v6-m/crtend.o
 .text          0x00000000        0x0 c:/program files (x86)/atmel/studio/7.0/toolchain/arm/arm-gnu-toolchain/bin/../lib/gcc/arm-none-eabi/6.3.1/thumb/v6-m/crtn.o
 .data          0x00000000        0x0 c:/program files (x86)/atmel/studio/7.0/toolchain/arm/arm-gnu-toolchain/bin/../lib/gcc/arm-none-eabi/6.3.1/thumb/v6-m/crtn.o
 .bss           0x00000000        0x0 c:/program files (x86)/atmel/studio/7.0/toolchain/arm/arm-gnu-toolchain/bin/../lib/gcc/arm-none-eabi/6.3.1/thumb/v6-m/crtn.o

Memory Configuration

Name             Origin             Length             Attributes
rom              0x00000000         0x00004000         xr
ram              0x20000000         0x00001000         xrw
*default*        0x00000000         0xffffffff

Linker script and memory map

LOAD c:/program files (x86)/atmel/studio/7.0/toolchain/arm/arm-gnu-toolchain/bin/../lib/gcc/arm-none-eabi/6.3.1/thumb/v6-m/crti.o
LOAD c:/program files (x86)/atmel/studio/7.0/toolchain/arm/arm-gnu-toolchain/bin/../lib/gcc/arm-none-eabi/6.3.1/thumb/v6-m/crtbegin.o
LOAD c:/program files (x86)/atmel/studio/7.0/toolchain/arm/arm-gnu-toolchain/bin/../lib/gcc/arm-none-eabi/6.3.1/../../../../arm-none-eabi/lib/thumb/v6-m/crt0.o
LOAD Device_Startup/startup_samd11.o
LOAD Device_Startup/system_samd11.o
LOAD drivers/clocks.o
LOAD drivers/dma.o
LOAD drivers/gameBadge.o
LOAD drivers/spi.o
LOAD game.o
LOAD main.o
START GROUP
LOAD c:/program files (x86)/atmel/studio/7.0/toolchain/arm/arm-gnu-toolchain/bin/../lib/gcc/arm-none-eabi/6.3.1/../../../../arm-none-eabi/lib/thumb/v6-m\libm.a
END GROUP
START GROUP
LOAD c:/program files (x86)/atmel/studio/7.0/toolchain/arm/arm-gnu-toolchain/bin/../lib/gcc/arm-none-eabi/6.3.1/thumb/v6-m\libgcc.a
LOAD c:/program files (x86)/atmel/studio/7.0/toolchain/arm/arm-gnu-toolchain/bin/../lib/gcc/arm-none-eabi/6.3.1/../../../../arm-none-eabi/lib/thumb/v6-m\libc_nano.a
END GROUP
START GROUP
LOAD c:/program files (x86)/atmel/studio/7.0/toolchain/arm/arm-gnu-toolchain/bin/../lib/gcc/arm-none-eabi/6.3.1/thumb/v6-m\libgcc.a
LOAD c:/program files (x86)/atmel/studio/7.0/toolchain/arm/arm-gnu-toolchain/bin/../lib/gcc/arm-none-eabi/6.3.1/../../../../arm-none-eabi/lib/thumb/v6-m\libc_nano.a
END GROUP
LOAD c:/program files (x86)/atmel/studio/7.0/toolchain/arm/arm-gnu-toolchain/bin/../lib/gcc/arm-none-eabi/6.3.1/thumb/v6-m/crtend.o
LOAD c:/program files (x86)/atmel/studio/7.0/toolchain/arm/arm-gnu-toolchain/bin/../lib/gcc/arm-none-eabi/6.3.1/thumb/v6-m/crtn.o
                0x00000100                STACK_SIZE = DEFINED (STACK_SIZE)?STACK_SIZE:DEFINED (__stack_size__)?__stack_size__:0x100

.text           0x00000000     0x1634
                0x00000000                . = ALIGN (0x4)
                0x00000000                _sfixed = .
 *(.vectors .vectors.*)
 .vectors       0x00000000       0x8c Device_Startup/startup_samd11.o
                0x00000000                exception_table
 *(.text .text.* .gnu.linkonce.t.*)
 .text          0x0000008c       0x60 c:/program files (x86)/atmel/studio/7.0/toolchain/arm/arm-gnu-toolchain/bin/../lib/gcc/arm-none-eabi/6.3.1/thumb/v6-m/crtbegin.o
 .text.Dummy_Handler
                0x000000ec        0x2 Device_Startup/startup_samd11.o
                0x000000ec                SVCall_Handler
                0x000000ec                DMAC_Handler
                0x000000ec                HardFault_Handler
                0x000000ec                TC2_Handler
                0x000000ec                AC_Handler
                0x000000ec                PendSV_Handler
                0x000000ec                SERCOM1_Handler
                0x000000ec                ADC_Handler
                0x000000ec                NonMaskableInt_Handler
                0x000000ec                TCC0_Handler
                0x000000ec                RTC_Handler
                0x000000ec                EIC_Handler
                0x000000ec                WDT_Handler
                0x000000ec                TC1_Handler
                0x000000ec                USB_Handler
                0x000000ec                Dummy_Handler
                0x000000ec                PM_Handler
                0x000000ec                EVSYS_Handler
                0x000000ec                NVMCTRL_Handler
                0x000000ec                SERCOM0_Handler
                0x000000ec                DAC_Handler
                0x000000ec                PTC_Handler
                0x000000ec                SYSCTRL_Handler
 *fill*         0x000000ee        0x2 
 .text.Reset_Handler
                0x000000f0       0xbc Device_Startup/startup_samd11.o
                0x000000f0                Reset_Handler
 .text.SystemInit
                0x000001ac       0x10 Device_Startup/system_samd11.o
                0x000001ac                SystemInit
 .text.clocksInit48Mhz
                0x000001bc       0xc0 drivers/clocks.o
                0x000001bc                clocksInit48Mhz
 .text.dma_init
                0x0000027c       0x94 drivers/dma.o
                0x0000027c                dma_init
 .text.dmaStartTransfer
                0x00000310       0x1c drivers/dma.o
                0x00000310                dmaStartTransfer
 .text.screenLoad
                0x0000032c       0x34 drivers/gameBadge.o
                0x0000032c                screenLoad
 .text.getButtons
                0x00000360        0xc drivers/gameBadge.o
                0x00000360                getButtons
 .text.direct2buffer
                0x0000036c       0x20 drivers/gameBadge.o
                0x0000036c                direct2buffer
 .text.writecommand
                0x0000038c       0x18 drivers/gameBadge.o
                0x0000038c                writecommand
 .text.setRotate
                0x000003a4       0x38 drivers/gameBadge.o
                0x000003a4                setRotate
 .text.setInvert
                0x000003dc       0x2c drivers/gameBadge.o
                0x000003dc                setInvert
 .text.displayInit
                0x00000408       0x98 drivers/gameBadge.o
                0x00000408                displayInit
 .text.SPI_init
                0x000004a0       0x58 drivers/spi.o
                0x000004a0                SPI_init
 .text.spiSendIO
                0x000004f8       0x1c drivers/spi.o
                0x000004f8                spiSendIO
 .text.gameSetup
                0x00000514       0x24 game.o
                0x00000514                gameSetup
 .text.gameFrame
                0x00000538       0x48 game.o
                0x00000538                gameFrame
 .text.systemLoop
                0x00000580       0x24 game.o
                0x00000580                systemLoop
 .text.SysTick_Handler
                0x000005a4       0x10 game.o
                0x000005a4                SysTick_Handler
 .text.startup.main
                0x000005b4       0xbc main.o
                0x000005b4                main
 .text.__libc_init_array
                0x00000670       0x48 c:/program files (x86)/atmel/studio/7.0/toolchain/arm/arm-gnu-toolchain/bin/../lib/gcc/arm-none-eabi/6.3.1/../../../../arm-none-eabi/lib/thumb/v6-m\libc_nano.a(lib_a-init.o)
                0x00000670                __libc_init_array
 .text.memcpy   0x000006b8       0x12 c:/program files (x86)/atmel/studio/7.0/toolchain/arm/arm-gnu-toolchain/bin/../lib/gcc/arm-none-eabi/6.3.1/../../../../arm-none-eabi/lib/thumb/v6-m\libc_nano.a(lib_a-memcpy-stub.o)
                0x000006b8                memcpy
 *(.glue_7t)
 .glue_7t       0x000006ca        0x0 linker stubs
 *(.glue_7)
 .glue_7        0x000006ca        0x0 linker stubs
 *(.rodata .rodata* .gnu.linkonce.r.*)
 *fill*         0x000006ca        0x2 
 .rodata        0x000006cc      0xf48 game.o
                0x000006cc                wastefulUncompressedMGClogo
                0x00000acc                superUFO
                0x00000b4e                smallRock
                0x00000b70                largeRock
                0x00000bb2                smallPit
                0x00000bd4                largePit
                0x00000c06                evilWave
                0x00000c18                evilBomb
                0x00000c2a                ufo
                0x00000c4c                balls
                0x00000c8e                bulletMan
                0x00000cb0                mediumExplode
                0x00000d72                dualShot
                0x00000d84                buggie
                0x00000db6                wheel
                0x00000dc8                vertExplode
                0x00000f4a                blaster
                0x00000f8c                jumpVelocity
                0x00000fcc                sineWave
                0x0000104c                makeDigits
                0x000010d0                tileData
                0x00001610                enemySpawnSide
 *(.ARM.extab* .gnu.linkonce.armextab.*)
                0x00001614                . = ALIGN (0x4)
 *(.init)
 .init          0x00001614        0x4 c:/program files (x86)/atmel/studio/7.0/toolchain/arm/arm-gnu-toolchain/bin/../lib/gcc/arm-none-eabi/6.3.1/thumb/v6-m/crti.o
                0x00001614                _init
 .init          0x00001618        0x8 c:/program files (x86)/atmel/studio/7.0/toolchain/arm/arm-gnu-toolchain/bin/../lib/gcc/arm-none-eabi/6.3.1/thumb/v6-m/crtn.o
                0x00001620                . = ALIGN (0x4)
                0x00001620                __preinit_array_start = .
 *(.preinit_array)
                0x00001620                __preinit_array_end = .
                0x00001620                . = ALIGN (0x4)
                0x00001620                __init_array_start = .
 *(SORT(.init_array.*))
 *(.init_array)
 .init_array    0x00001620        0x4 c:/program files (x86)/atmel/studio/7.0/toolchain/arm/arm-gnu-toolchain/bin/../lib/gcc/arm-none-eabi/6.3.1/thumb/v6-m/crtbegin.o
                0x00001624                __init_array_end = .
                0x00001624                . = ALIGN (0x4)
 *crtbegin.o(.ctors)
 *(EXCLUDE_FILE(*crtend.o) .ctors)
 *(SORT(.ctors.*))
 *crtend.o(.ctors)
                0x00001624                . = ALIGN (0x4)
 *(.fini)
 .fini          0x00001624        0x4 c:/program files (x86)/atmel/studio/7.0/toolchain/arm/arm-gnu-toolchain/bin/../lib/gcc/arm-none-eabi/6.3.1/thumb/v6-m/crti.o
                0x00001624                _fini
 .fini          0x00001628        0x8 c:/program files (x86)/atmel/studio/7.0/toolchain/arm/arm-gnu-toolchain/bin/../lib/gcc/arm-none-eabi/6.3.1/thumb/v6-m/crtn.o
                0x00001630                . = ALIGN (0x4)
                0x00001630                __fini_array_start = .
 *(.fini_array)
 .fini_array    0x00001630        0x4 c:/program files (x86)/atmel/studio/7.0/toolchain/arm/arm-gnu-toolchain/bin/../lib/gcc/arm-none-eabi/6.3.1/thumb/v6-m/crtbegin.o
 *(SORT(.fini_array.*))
                0x00001634                __fini_array_end = .
 *crtbegin.o(.dtors)
 *(EXCLUDE_FILE(*crtend.o) .dtors)
 *(SORT(.dtors.*))
 *crtend.o(.dtors)
                0x00001634                . = ALIGN (0x4)
                0x00001634                _efixed = .
                [!provide]                PROVIDE (__exidx_start, .)

.vfp11_veneer   0x00001634        0x0
 .vfp11_veneer  0x00001634        0x0 linker stubs

.v4_bx          0x00001634        0x0
 .v4_bx         0x00001634        0x0 linker stubs

.iplt           0x00001634        0x0
 .iplt          0x00001634        0x0 c:/program files (x86)/atmel/studio/7.0/toolchain/arm/arm-gnu-toolchain/bin/../lib/gcc/arm-none-eabi/6.3.1/thumb/v6-m/crtbegin.o

.eh_frame       0x00001634        0x0
 .eh_frame      0x00001634        0x0 c:/program files (x86)/atmel/studio/7.0/toolchain/arm/arm-gnu-toolchain/bin/../lib/gcc/arm-none-eabi/6.3.1/thumb/v6-m/crtbegin.o

.rel.dyn        0x00001634        0x0
 .rel.iplt      0x00001634        0x0 c:/program files (x86)/atmel/studio/7.0/toolchain/arm/arm-gnu-toolchain/bin/../lib/gcc/arm-none-eabi/6.3.1/thumb/v6-m/crtbegin.o

.jcr            0x00001634        0x0
 .jcr           0x00001634        0x0 c:/program files (x86)/atmel/studio/7.0/toolchain/arm/arm-gnu-toolchain/bin/../lib/gcc/arm-none-eabi/6.3.1/thumb/v6-m/crtbegin.o

.igot.plt       0x00001634        0x0
 .igot.plt      0x00001634        0x0 c:/program files (x86)/atmel/studio/7.0/toolchain/arm/arm-gnu-toolchain/bin/../lib/gcc/arm-none-eabi/6.3.1/thumb/v6-m/crtbegin.o

.ARM.exidx
 *(.ARM.exidx* .gnu.linkonce.armexidx.*)
                [!provide]                PROVIDE (__exidx_end, .)
                0x00001634                . = ALIGN (0x4)
                0x00001634                _etext = .

.relocate       0x20000000       0x28 load address 0x00001634
                0x20000000                . = ALIGN (0x4)
                0x20000000                _srelocate = .
 *(.ramfunc .ramfunc.*)
 *(.data .data.*)
 .data          0x20000000        0x4 Device_Startup/system_samd11.o
                0x20000000                SystemCoreClock
 .data          0x20000004        0x4 drivers/dma.o
                0x20000004                sercomDMA0
 .data          0x20000008       0x1e game.o
                0x20000008                bugX
                0x20000009                bugY
                0x2000000a                gameState
                0x2000000b                spawnPointer
                0x2000000c                blasterX
                0x2000000d                wheelXcoarseTile
                0x20000010                wheelSpin
                0x20000011                obstacleTimer
                0x20000012                stagePhase
                0x20000013                scoreRanking
                0x20000014                groundSlope
                0x20000018                messageFlash
                0x2000001a                name
                0x2000001d                splashTimer
                0x2000001e                block
                0x20000028                . = ALIGN (0x4)
 *fill*         0x20000026        0x2 
                0x20000028                _erelocate = .

.bss            0x20000030      0x7f4 load address 0x00001670
                0x20000030                . = ALIGN (0x4)
                0x20000030                _sbss = .
                0x20000030                _szero = .
 *(.bss .bss.*)
 .bss           0x20000030       0x1c c:/program files (x86)/atmel/studio/7.0/toolchain/arm/arm-gnu-toolchain/bin/../lib/gcc/arm-none-eabi/6.3.1/thumb/v6-m/crtbegin.o
 .bss           0x2000004c        0xe drivers/gameBadge.o
                0x2000004c                toneTimer
                0x2000004e                tonePriority
                0x20000050                toneDir
                0x20000054                scrollDirection
                0x20000055                winYfine
                0x20000056                winY
                0x20000057                rotate180
                0x20000058                inverted
                0x20000059                displaySleep
 *fill*         0x2000005a        0x2 
 .bss           0x2000005c       0x2a game.o
                0x2000005e                enemyPointer
                0x20000060                playerFrame
                0x20000064                playerState
                0x20000066                playerTimer
                0x20000068                frameCounter
                0x2000006a                stageWin
                0x2000006b                bossBattle
                0x2000006c                xWindow
                0x2000006e                xWindowCoarse
                0x20000070                blasterY
                0x20000074                score
                0x20000078                sideOfMoon
                0x20000079                shotPointer
                0x2000007a                eventGoal
                0x2000007c                eventTimer
                0x2000007f                wavePointer
                0x20000080                bossPhase
                0x20000082                changeTime
                0x20000083                bgScroll
                0x20000084                bugXfine
 *(COMMON)
 *fill*         0x20000086        0xa 
 COMMON         0x20000090      0x140 drivers/dma.o
                0x20000090                descriptor
                0x200000a0                descriptor_section
                0x20000100                dmadone
                0x20000110                wrb
                0x20000170                descriptor_chain
 COMMON         0x200001d0      0x415 drivers/gameBadge.o
                0x200001d0                tonePitch
                0x200001d2                winXfine
                0x200001da                winX
                0x200001e2                buffer
                0x200005e2                seed
                0x200005e4                buttons
 *fill*         0x200005e5        0x3 
 COMMON         0x200005e8      0x239 game.o
                0x200005e8                skyEnemies
                0x200005e9                buttonRepeatMask
                0x200005ec                heroShots
                0x200005fc                tileMap
                0x200006fc                nameShift
                0x200006ff                buttonRepeatFlag
                0x20000700                jumpScore
                0x20000702                distance
                0x20000703                gamePad
                0x20000704                numberSpawned
                0x20000705                stage
                0x20000706                attackSpeed
                0x20000707                numberOfWaves
                0x20000708                jump
                0x20000709                yCollide
                0x2000070a                bossHealth
                0x2000070b                buttonsPressed
                0x2000070c                lives
                0x20000710                enemy
                0x20000810                lastObstacleSpawned
                0x20000811                buttonDebounce
                0x20000819                speed
                0x2000081a                byDistance
                0x2000081b                killedPerWave
                0x2000081c                checkPoint
                0x2000081d                isDrawn
                0x2000081e                distanceGoal
                0x2000081f                xCollide
                0x20000820                spawnPerWave
                0x20000824                . = ALIGN (0x4)
 *fill*         0x20000821        0x3 
                0x20000824                _ebss = .
                0x20000824                _ezero = .

.stack          0x20000824      0x104 load address 0x00001e64
                0x20000828                . = ALIGN (0x8)
 *fill*         0x20000824        0x4 
                0x20000828                _sstack = .
                0x20000928                . = (. + STACK_SIZE)
 *fill*         0x20000828      0x100 
                0x20000928                . = ALIGN (0x8)
                0x20000928                _estack = .
                0x20000928                . = ALIGN (0x4)
                0x20000928                _end = .
OUTPUT(gameBadge ARM.elf elf32-littlearm)

.ARM.attributes
                0x00000000       0x28
 .ARM.attributes
                0x00000000       0x1e c:/program files (x86)/atmel/studio/7.0/toolchain/arm/arm-gnu-toolchain/bin/../lib/gcc/arm-none-eabi/6.3.1/thumb/v6-m/crti.o
 .ARM.attributes
                0x0000001e       0x2c c:/program files (x86)/atmel/studio/7.0/toolchain/arm/arm-gnu-toolchain/bin/../lib/gcc/arm-none-eabi/6.3.1/thumb/v6-m/crtbegin.o
 .ARM.attributes
                0x0000004a       0x32 Device_Startup/startup_samd11.o
 .ARM.attributes
                0x0000007c       0x32 Device_Startup/system_samd11.o
 .ARM.attributes
                0x000000ae       0x32 drivers/clocks.o
 .ARM.attributes
                0x000000e0       0x32 drivers/dma.o
 .ARM.attributes
                0x00000112       0x32 drivers/gameBadge.o
 .ARM.attributes
                0x00000144       0x32 drivers/spi.o
 .ARM.attributes
                0x00000176       0x32 game.o
 .ARM.attributes
                0x000001a8       0x32 main.o
 .ARM.attributes
                0x000001da       0x2c c:/program files (x86)/atmel/studio/7.0/toolchain/arm/arm-gnu-toolchain/bin/../lib/gcc/arm-none-eabi/6.3.1/../../../../arm-none-eabi/lib/thumb/v6-m\libc_nano.a(lib_a-init.o)
 .ARM.attributes
                0x00000206       0x2c c:/program files (x86)/atmel/studio/7.0/toolchain/arm/arm-gnu-toolchain/bin/../lib/gcc/arm-none-eabi/6.3.1/../../../../arm-none-eabi/lib/thumb/v6-m\libc_nano.a(lib_a-memcpy-stub.o)
 .ARM.attributes
                0x00000232       0x1e c:/program files (x86)/atmel/studio/7.0/toolchain/arm/arm-gnu-toolchain/bin/../lib/gcc/arm-none-eabi/6.3.1/thumb/v6-m/crtn.o

.comment        0x00000000       0x59
 .comment       0x00000000       0x59 Device_Startup/startup_samd11.o
                                 0x5a (size before relaxing)
 .comment       0x00000059       0x5a Device_Startup/system_samd11.o
 .comment       0x00000059       0x5a drivers/clocks.o
 .comment       0x00000059       0x5a drivers/dma.o
 .comment       0x00000059       0x5a drivers/gameBadge.o
 .comment       0x00000059       0x5a drivers/spi.o
 .comment       0x00000059       0x5a game.o
 .comment       0x00000059       0x5a main.o

.debug_frame    0x00000000       0x54
 .debug_frame   0x00000000       0x2c c:/program files (x86)/atmel/studio/7.0/toolchain/arm/arm-gnu-toolchain/bin/../lib/gcc/arm-none-eabi/6.3.1/../../../../arm-none-eabi/lib/thumb/v6-m\libc_nano.a(lib_a-init.o)
 .debug_frame   0x0000002c       0x28 c:/program files (x86)/atmel/studio/7.0/toolchain/arm/arm-gnu-toolchain/bin/../lib/gcc/arm-none-eabi/6.3.1/../../../../arm-none-eabi/lib/thumb/v6-m\libc_nano.a(lib_a-memcpy-stub.o)
